Archive member included to satisfy reference by file (symbol)

c:/qmk_msys/mingw64/bin/../lib/gcc/arm-none-eabi/10.1.0/thumb/v6-m/nofp\libgcc.a(_thumb1_case_sqi.o)
                              .build/obj_wendy_vial/quantum/keycode_config.o (__gnu_thumb1_case_sqi)
c:/qmk_msys/mingw64/bin/../lib/gcc/arm-none-eabi/10.1.0/thumb/v6-m/nofp\libgcc.a(_thumb1_case_uqi.o)
                              .build/obj_wendy_vial/quantum/action.o (__gnu_thumb1_case_uqi)
c:/qmk_msys/mingw64/bin/../lib/gcc/arm-none-eabi/10.1.0/thumb/v6-m/nofp\libgcc.a(_thumb1_case_shi.o)
                              .build/obj_wendy_vial/quantum/process_keycode/process_magic.o (__gnu_thumb1_case_shi)
c:/qmk_msys/mingw64/bin/../lib/gcc/arm-none-eabi/10.1.0/thumb/v6-m/nofp\libgcc.a(_thumb1_case_uhi.o)
                              .build/obj_wendy_vial/quantum/action.o (__gnu_thumb1_case_uhi)
c:/qmk_msys/mingw64/bin/../lib/gcc/arm-none-eabi/10.1.0/thumb/v6-m/nofp\libgcc.a(_udivsi3.o)
                              .build/obj_wendy_vial/quantum/quantum.o (__aeabi_uidiv)
c:/qmk_msys/mingw64/bin/../lib/gcc/arm-none-eabi/10.1.0/thumb/v6-m/nofp\libgcc.a(_divsi3.o)
                              .build/obj_wendy_vial/quantum/mousekey.o (__aeabi_idiv)
c:/qmk_msys/mingw64/bin/../lib/gcc/arm-none-eabi/10.1.0/thumb/v6-m/nofp\libgcc.a(_dvmd_tls.o)
                              c:/qmk_msys/mingw64/bin/../lib/gcc/arm-none-eabi/10.1.0/thumb/v6-m/nofp\libgcc.a(_udivsi3.o) (__aeabi_idiv0)
c:/qmk_msys/mingw64/bin/../lib/gcc/arm-none-eabi/10.1.0/thumb/v6-m/nofp\libgcc.a(_aeabi_ldivmod.o)
                              .build/obj_wendy_vial/quantum/action.o (__aeabi_ldivmod)
c:/qmk_msys/mingw64/bin/../lib/gcc/arm-none-eabi/10.1.0/thumb/v6-m/nofp\libgcc.a(_aeabi_uldivmod.o)
                              .build/obj_wendy_vial/quantum/action.o (__aeabi_uldivmod)
c:/qmk_msys/mingw64/bin/../lib/gcc/arm-none-eabi/10.1.0/thumb/v6-m/nofp\libgcc.a(_muldi3.o)
                              .build/obj_wendy_vial/quantum/action.o (__aeabi_lmul)
c:/qmk_msys/mingw64/bin/../lib/gcc/arm-none-eabi/10.1.0/thumb/v6-m/nofp\libgcc.a(_fixunssfsi.o)
                              .build/obj_wendy_vial/protocol/host.o (__aeabi_f2uiz)
c:/qmk_msys/mingw64/bin/../lib/gcc/arm-none-eabi/10.1.0/thumb/v6-m/nofp\libgcc.a(_udivmoddi4.o)
                              c:/qmk_msys/mingw64/bin/../lib/gcc/arm-none-eabi/10.1.0/thumb/v6-m/nofp\libgcc.a(_aeabi_uldivmod.o) (__udivmoddi4)
c:/qmk_msys/mingw64/bin/../lib/gcc/arm-none-eabi/10.1.0/thumb/v6-m/nofp\libgcc.a(bpabi.o)
                              c:/qmk_msys/mingw64/bin/../lib/gcc/arm-none-eabi/10.1.0/thumb/v6-m/nofp\libgcc.a(_aeabi_ldivmod.o) (__gnu_ldivmod_helper)
c:/qmk_msys/mingw64/bin/../lib/gcc/arm-none-eabi/10.1.0/thumb/v6-m/nofp\libgcc.a(mulsf3.o)
                              .build/obj_wendy_vial/protocol/host.o (__aeabi_fmul)
c:/qmk_msys/mingw64/bin/../lib/gcc/arm-none-eabi/10.1.0/thumb/v6-m/nofp\libgcc.a(subsf3.o)
                              c:/qmk_msys/mingw64/bin/../lib/gcc/arm-none-eabi/10.1.0/thumb/v6-m/nofp\libgcc.a(_fixunssfsi.o) (__aeabi_fsub)
c:/qmk_msys/mingw64/bin/../lib/gcc/arm-none-eabi/10.1.0/thumb/v6-m/nofp\libgcc.a(fixsfsi.o)
                              c:/qmk_msys/mingw64/bin/../lib/gcc/arm-none-eabi/10.1.0/thumb/v6-m/nofp\libgcc.a(_fixunssfsi.o) (__aeabi_f2iz)
c:/qmk_msys/mingw64/bin/../lib/gcc/arm-none-eabi/10.1.0/thumb/v6-m/nofp\libgcc.a(_lshrdi3.o)
                              c:/qmk_msys/mingw64/bin/../lib/gcc/arm-none-eabi/10.1.0/thumb/v6-m/nofp\libgcc.a(_udivmoddi4.o) (__aeabi_llsr)
c:/qmk_msys/mingw64/bin/../lib/gcc/arm-none-eabi/10.1.0/thumb/v6-m/nofp\libgcc.a(_ashldi3.o)
                              c:/qmk_msys/mingw64/bin/../lib/gcc/arm-none-eabi/10.1.0/thumb/v6-m/nofp\libgcc.a(_udivmoddi4.o) (__aeabi_llsl)
c:/qmk_msys/mingw64/bin/../lib/gcc/arm-none-eabi/10.1.0/thumb/v6-m/nofp\libgcc.a(_arm_cmpsf2.o)
                              c:/qmk_msys/mingw64/bin/../lib/gcc/arm-none-eabi/10.1.0/thumb/v6-m/nofp\libgcc.a(_fixunssfsi.o) (__aeabi_fcmpge)
c:/qmk_msys/mingw64/bin/../lib/gcc/arm-none-eabi/10.1.0/thumb/v6-m/nofp\libgcc.a(_clzsi2.o)
                              c:/qmk_msys/mingw64/bin/../lib/gcc/arm-none-eabi/10.1.0/thumb/v6-m/nofp\libgcc.a(mulsf3.o) (__clzsi2)
c:/qmk_msys/mingw64/bin/../lib/gcc/arm-none-eabi/10.1.0/thumb/v6-m/nofp\libgcc.a(_clzdi2.o)
                              c:/qmk_msys/mingw64/bin/../lib/gcc/arm-none-eabi/10.1.0/thumb/v6-m/nofp\libgcc.a(_udivmoddi4.o) (__clzdi2)
c:/qmk_msys/mingw64/bin/../lib/gcc/arm-none-eabi/10.1.0/thumb/v6-m/nofp\libgcc.a(_divdi3.o)
                              c:/qmk_msys/mingw64/bin/../lib/gcc/arm-none-eabi/10.1.0/thumb/v6-m/nofp\libgcc.a(bpabi.o) (__divdi3)
c:/qmk_msys/mingw64/bin/../lib/gcc/arm-none-eabi/10.1.0/thumb/v6-m/nofp\libgcc.a(eqsf2.o)
                              c:/qmk_msys/mingw64/bin/../lib/gcc/arm-none-eabi/10.1.0/thumb/v6-m/nofp\libgcc.a(_arm_cmpsf2.o) (__eqsf2)
[...]
Memory Configuration

Name             Origin             Length             Attributes
flash0           0x0000000008000000 0x0000000000020000 xr
flash1           0x0000000000000000 0x0000000000000000 xr
flash2           0x0000000000000000 0x0000000000000000 xr
flash3           0x0000000000000000 0x0000000000000000 xr
flash4           0x0000000000000000 0x0000000000000000 xr
flash5           0x0000000000000000 0x0000000000000000 xr
flash6           0x0000000000000000 0x0000000000000000 xr
flash7           0x0000000000000000 0x0000000000000000 xr
ram0             0x0000000020000000 0x0000000000004000 xw
ram1             0x0000000000000000 0x0000000000000000 xw
ram2             0x0000000000000000 0x0000000000000000 xw
ram3             0x0000000000000000 0x0000000000000000 xw
ram4             0x0000000000000000 0x0000000000000000 xw
ram5             0x0000000000000000 0x0000000000000000 xw
ram6             0x0000000000000000 0x0000000000000000 xw
ram7             0x0000000000000000 0x0000000000000000 xw
*default*        0x0000000000000000 0xffffffffffffffff

Linker script and memory map

LOAD .build/obj_wendy_vial/keyboards/wendy/wendy.o
LOAD .build/obj_wendy_vial/.build/obj_wendy/src/default_keyboard.o
LOAD .build/obj_wendy_vial/quantum/keymap_introspection.o
LOAD .build/obj_wendy_vial/quantum/quantum.o
LOAD .build/obj_wendy_vial/quantum/bitwise.o
LOAD .build/obj_wendy_vial/quantum/led.o
LOAD .build/obj_wendy_vial/quantum/action.o
LOAD .build/obj_wendy_vial/quantum/action_layer.o
LOAD .build/obj_wendy_vial/quantum/action_tapping.o
LOAD .build/obj_wendy_vial/quantum/action_util.o
LOAD .build/obj_wendy_vial/quantum/eeconfig.o
LOAD .build/obj_wendy_vial/quantum/keyboard.o
LOAD .build/obj_wendy_vial/quantum/keymap_common.o
LOAD .build/obj_wendy_vial/quantum/keycode_config.o
LOAD .build/obj_wendy_vial/quantum/sync_timer.o
LOAD .build/obj_wendy_vial/quantum/logging/debug.o
LOAD .build/obj_wendy_vial/quantum/logging/sendchar.o
LOAD .build/obj_wendy_vial/quantum/logging/print.o
LOAD .build/obj_wendy_vial/quantum/bootmagic/bootmagic_lite.o
LOAD .build/obj_wendy_vial/quantum/bootmagic/magic.o
LOAD .build/obj_wendy_vial/quantum/matrix_common.o
LOAD .build/obj_wendy_vial/quantum/matrix.o
LOAD .build/obj_wendy_vial/quantum/debounce/sym_defer_g.o
LOAD .build/obj_wendy_vial/quantum/main.o
LOAD .build/obj_wendy_vial/printf.o
LOAD .build/obj_wendy_vial/quantum/mousekey.o
LOAD .build/obj_wendy_vial/eeprom_driver.o
LOAD .build/obj_wendy_vial/eeprom_stm32.o
LOAD .build/obj_wendy_vial/flash_stm32.o
LOAD .build/obj_wendy_vial/quantum/via.o
LOAD .build/obj_wendy_vial/quantum/vial.o
LOAD .build/obj_wendy_vial/quantum/dynamic_keymap.o
LOAD .build/obj_wendy_vial/quantum/qmk_settings.o
LOAD .build/obj_wendy_vial/quantum/process_keycode/process_magic.o
LOAD .build/obj_wendy_vial/quantum/send_string/send_string.o
LOAD .build/obj_wendy_vial/quantum/process_keycode/process_auto_shift.o
LOAD .build/obj_wendy_vial/quantum/process_keycode/process_combo.o
LOAD .build/obj_wendy_vial/quantum/process_keycode/process_grave_esc.o
LOAD .build/obj_wendy_vial/quantum/process_keycode/process_key_override.o
LOAD .build/obj_wendy_vial/quantum/process_keycode/process_space_cadet.o
LOAD .build/obj_wendy_vial/quantum/process_keycode/process_tap_dance.o
LOAD .build/obj_wendy_vial/./lib/chibios/os/common/startup/ARMCMx/compilers/GCC/crt0_v6m.o
LOAD .build/obj_wendy_vial/./lib/chibios/os/common/startup/ARMCMx/compilers/GCC/vectors.o
LOAD .build/obj_wendy_vial/./lib/chibios/os/common/ports/ARMv6-M/compilers/GCC/chcoreasm.o
LOAD .build/obj_wendy_vial/protocol/host.o
LOAD .build/obj_wendy_vial/protocol/report.o
LOAD .build/obj_wendy_vial/protocol/usb_device_state.o
LOAD .build/obj_wendy_vial/protocol/usb_util.o
LOAD .build/obj_wendy_vial/platforms/suspend.o
LOAD .build/obj_wendy_vial/platforms/chibios/hardware_id.o
LOAD .build/obj_wendy_vial/platforms/chibios/platform.o
LOAD .build/obj_wendy_vial/platforms/chibios/suspend.o
LOAD .build/obj_wendy_vial/platforms/chibios/timer.o
LOAD .build/obj_wendy_vial/platforms/chibios/bootloaders/stm32_dfu.o
LOAD .build/obj_wendy_vial/protocol/chibios/usb_main.o
LOAD .build/obj_wendy_vial/protocol/chibios/chibios.o
LOAD .build/obj_wendy_vial/usb_descriptor.o
LOAD .build/obj_wendy_vial/protocol/chibios/usb_driver.o
LOAD .build/obj_wendy_vial/protocol/chibios/usb_util.o
LOAD .build/obj_wendy_vial/./lib/chibios/os/oslib/src/chmboxes.o
LOAD .build/obj_wendy_vial/./lib/chibios/os/oslib/src/chmemcore.o
LOAD .build/obj_wendy_vial/./lib/chibios/os/oslib/src/chmemheaps.o
LOAD .build/obj_wendy_vial/./lib/chibios/os/oslib/src/chmempools.o
LOAD .build/obj_wendy_vial/./lib/chibios/os/oslib/src/chpipes.o
LOAD .build/obj_wendy_vial/./lib/chibios/os/oslib/src/chobjcaches.o
LOAD .build/obj_wendy_vial/./lib/chibios/os/oslib/src/chdelegates.o
LOAD .build/obj_wendy_vial/./lib/chibios/os/oslib/src/chfactory.o
LOAD .build/obj_wendy/lib/chibios/os/common/startup/ARMCMx/compilers/GCC/crt1.o
LOAD .build/obj_wendy/lib/chibios/os/rt/src/chsys.o
LOAD .build/obj_wendy/lib/chibios/os/rt/src/chrfcu.o
LOAD .build/obj_wendy/lib/chibios/os/rt/src/chdebug.o
LOAD .build/obj_wendy/lib/chibios/os/rt/src/chtrace.o
LOAD .build/obj_wendy/lib/chibios/os/rt/src/chvt.o
LOAD .build/obj_wendy/lib/chibios/os/rt/src/chschd.o
LOAD .build/obj_wendy/lib/chibios/os/rt/src/chinstances.o
LOAD .build/obj_wendy/lib/chibios/os/rt/src/chthreads.o
LOAD .build/obj_wendy/lib/chibios/os/rt/src/chtm.o
LOAD .build/obj_wendy/lib/chibios/os/rt/src/chstats.o
LOAD .build/obj_wendy/lib/chibios/os/rt/src/chregistry.o
LOAD .build/obj_wendy/lib/chibios/os/rt/src/chsem.o
LOAD .build/obj_wendy/lib/chibios/os/rt/src/chmtx.o
LOAD .build/obj_wendy/lib/chibios/os/rt/src/chcond.o
LOAD .build/obj_wendy/lib/chibios/os/rt/src/chevents.o
LOAD .build/obj_wendy/lib/chibios/os/rt/src/chmsg.o
LOAD .build/obj_wendy/lib/chibios/os/rt/src/chdynamic.o
LOAD .build/obj_wendy/lib/chibios/os/common/ports/ARMv6-M/chcore.o
LOAD .build/obj_wendy/lib/chibios/os/hal/osal/rt-nil/osal.o
LOAD .build/obj_wendy/lib/chibios/os/hal/src/hal.o
LOAD .build/obj_wendy/lib/chibios/os/hal/src/hal_st.o
LOAD .build/obj_wendy/lib/chibios/os/hal/src/hal_buffers.o
LOAD .build/obj_wendy/lib/chibios/os/hal/src/hal_queues.o
LOAD .build/obj_wendy/lib/chibios/os/hal/src/hal_flash.o
LOAD .build/obj_wendy/lib/chibios/os/hal/src/hal_mmcsd.o
LOAD .build/obj_wendy/lib/chibios/os/hal/src/hal_adc.o
LOAD .build/obj_wendy/lib/chibios/os/hal/src/hal_can.o
LOAD .build/obj_wendy/lib/chibios/os/hal/src/hal_crypto.o
LOAD .build/obj_wendy/lib/chibios/os/hal/src/hal_dac.o
LOAD .build/obj_wendy/lib/chibios/os/hal/src/hal_efl.o
LOAD .build/obj_wendy/lib/chibios/os/hal/src/hal_gpt.o
LOAD .build/obj_wendy/lib/chibios/os/hal/src/hal_i2c.o
LOAD .build/obj_wendy/lib/chibios/os/hal/src/hal_i2s.o
LOAD .build/obj_wendy/lib/chibios/os/hal/src/hal_icu.o
LOAD .build/obj_wendy/lib/chibios/os/hal/src/hal_mac.o
LOAD .build/obj_wendy/lib/chibios/os/hal/src/hal_mmc_spi.o
LOAD .build/obj_wendy/lib/chibios/os/hal/src/hal_pal.o
LOAD .build/obj_wendy/lib/chibios/os/hal/src/hal_pwm.o
LOAD .build/obj_wendy/lib/chibios/os/hal/src/hal_rtc.o
LOAD .build/obj_wendy/lib/chibios/os/hal/src/hal_sdc.o
LOAD .build/obj_wendy/lib/chibios/os/hal/src/hal_serial.o
LOAD .build/obj_wendy/lib/chibios/os/hal/src/hal_serial_usb.o
LOAD .build/obj_wendy/lib/chibios/os/hal/src/hal_sio.o
LOAD .build/obj_wendy/lib/chibios/os/hal/src/hal_spi.o
LOAD .build/obj_wendy/lib/chibios/os/hal/src/hal_trng.o
LOAD .build/obj_wendy/lib/chibios/os/hal/src/hal_uart.o
LOAD .build/obj_wendy/lib/chibios/os/hal/src/hal_usb.o
LOAD .build/obj_wendy/lib/chibios/os/hal/src/hal_wdg.o
LOAD .build/obj_wendy/lib/chibios/os/hal/src/hal_wspi.o
LOAD .build/obj_wendy/lib/chibios/os/hal/ports/common/ARMCMx/nvic.o
LOAD .build/obj_wendy/lib/chibios/os/hal/ports/STM32/STM32F0xx/stm32_isr.o
LOAD .build/obj_wendy/lib/chibios/os/hal/ports/STM32/STM32F0xx/hal_lld.o
LOAD .build/obj_wendy/lib/chibios/os/hal/ports/STM32/STM32F0xx/hal_efl_lld.o
LOAD .build/obj_wendy/lib/chibios/os/hal/ports/STM32/LLD/ADCv1/hal_adc_lld.o
LOAD .build/obj_wendy/lib/chibios/os/hal/ports/STM32/LLD/CANv1/hal_can_lld.o
LOAD .build/obj_wendy/lib/chibios/os/hal/ports/STM32/LLD/DACv1/hal_dac_lld.o
LOAD .build/obj_wendy/lib/chibios/os/hal/ports/STM32/LLD/DMAv1/stm32_dma.o
LOAD .build/obj_wendy/lib/chibios/os/hal/ports/STM32/LLD/EXTIv1/stm32_exti.o
LOAD .build/obj_wendy/lib/chibios/os/hal/ports/STM32/LLD/GPIOv2/hal_pal_lld.o
LOAD .build/obj_wendy/lib/chibios/os/hal/ports/STM32/LLD/I2Cv2/hal_i2c_lld.o
LOAD .build/obj_wendy/lib/chibios/os/hal/ports/STM32/LLD/RTCv2/hal_rtc_lld.o
LOAD .build/obj_wendy/lib/chibios/os/hal/ports/STM32/LLD/SPIv2/hal_i2s_lld.o
LOAD .build/obj_wendy/lib/chibios/os/hal/ports/STM32/LLD/SPIv2/hal_spi_v2_lld.o
LOAD .build/obj_wendy/lib/chibios/os/hal/ports/STM32/LLD/SYSTICKv1/hal_st_lld.o
LOAD .build/obj_wendy/lib/chibios/os/hal/ports/STM32/LLD/TIMv1/hal_gpt_lld.o
LOAD .build/obj_wendy/lib/chibios/os/hal/ports/STM32/LLD/TIMv1/hal_icu_lld.o
LOAD .build/obj_wendy/lib/chibios/os/hal/ports/STM32/LLD/TIMv1/hal_pwm_lld.o
LOAD .build/obj_wendy/lib/chibios/os/hal/ports/STM32/LLD/USARTv2/hal_serial_lld.o
LOAD .build/obj_wendy/lib/chibios/os/hal/ports/STM32/LLD/USARTv2/hal_sio_lld.o
LOAD .build/obj_wendy/lib/chibios/os/hal/ports/STM32/LLD/USARTv2/hal_uart_lld.o
LOAD .build/obj_wendy/lib/chibios/os/hal/ports/STM32/LLD/USBv1/hal_usb_lld.o
LOAD .build/obj_wendy/lib/chibios/os/hal/ports/STM32/LLD/xWDGv1/hal_wdg_lld.o
LOAD .build/obj_wendy/lib/chibios/os/hal/boards/ST_NUCLEO64_F072RB/board.o
LOAD .build/obj_wendy/lib/chibios/os/hal/lib/streams/chprintf.o
LOAD .build/obj_wendy/lib/chibios/os/hal/lib/streams/chscanf.o
LOAD .build/obj_wendy/lib/chibios/os/hal/lib/streams/memstreams.o
LOAD .build/obj_wendy/lib/chibios/os/hal/lib/streams/nullstreams.o
LOAD .build/obj_wendy/lib/chibios/os/hal/lib/streams/bufstreams.o
LOAD .build/obj_wendy/lib/chibios/os/various/syscalls.o
LOAD .build/obj_wendy/platforms/chibios/syscall-fallbacks.o
LOAD .build/obj_wendy/platforms/chibios/wait.o
LOAD .build/obj_wendy/platforms/chibios/synchronization_util.o
                0x0000000000000800                __process_stack_size__ = 0x800
                0x0000000000000400                __main_stack_size__ = 0x400
LOAD c:/qmk_msys/mingw64/bin/../lib/gcc/arm-none-eabi/10.1.0/../../../../arm-none-eabi/lib/thumb/v6-m/nofp\libm.a
START GROUP
LOAD c:/qmk_msys/mingw64/bin/../lib/gcc/arm-none-eabi/10.1.0/thumb/v6-m/nofp\libgcc.a
LOAD c:/qmk_msys/mingw64/bin/../lib/gcc/arm-none-eabi/10.1.0/../../../../arm-none-eabi/lib/thumb/v6-m/nofp\libg_nano.a
LOAD c:/qmk_msys/mingw64/bin/../lib/gcc/arm-none-eabi/10.1.0/../../../../arm-none-eabi/lib/thumb/v6-m/nofp\libc_nano.a
END GROUP
START GROUP
LOAD c:/qmk_msys/mingw64/bin/../lib/gcc/arm-none-eabi/10.1.0/thumb/v6-m/nofp\libgcc.a
LOAD c:/qmk_msys/mingw64/bin/../lib/gcc/arm-none-eabi/10.1.0/../../../../arm-none-eabi/lib/thumb/v6-m/nofp\libc_nano.a
END GROUP

.mstack         0x0000000020000000      0x400
                0x0000000020000000                . = ALIGN (0x8)
                0x0000000020000000                __main_stack_base__ = .
                0x0000000020000400                . = (. + __main_stack_size__)
 *fill*         0x0000000020000000      0x400 
                0x0000000020000400                . = ALIGN (0x8)
                0x0000000020000400                __main_stack_end__ = .

.pstack         0x0000000020000400      0x800
                0x0000000020000400                . = ALIGN (0x8)
                0x0000000020000400                __process_stack_base__ = .
                0x0000000020000400                __main_thread_stack_base__ = .
                0x0000000020000c00                . = (. + __process_stack_size__)
 *fill*         0x0000000020000400      0x800 
                0x0000000020000c00                . = ALIGN (0x8)
                0x0000000020000c00                __process_stack_end__ = .
                0x0000000020000c00                __main_thread_stack_end__ = .

.vectors        0x0000000008000000       0xc0
                0x0000000008000000                __textvectors_base__ = LOADADDR (.vectors)
                0x0000000008000000                __vectors_base__ = .
 *(.vectors)
 .vectors       0x0000000008000000       0xc0 .build/obj_wendy_vial/./lib/chibios/os/common/startup/ARMCMx/compilers/GCC/vectors.o
                0x0000000008000000                _vectors
                0x00000000080000c0                __vectors_end__ = .

.xtors          0x00000000080000c0        0x0
                0x00000000080000c0                __init_array_base__ = .
 *(SORT_BY_NAME(.init_array.*))
 *(.init_array)
                0x00000000080000c0                __init_array_end__ = .
                0x00000000080000c0                __fini_array_base__ = .
 *(.fini_array)
 *(SORT_BY_NAME(.fini_array.*))
                0x00000000080000c0                __fini_array_end__ = .

.text           0x00000000080000c0     0x8132
                0x00000000080000c0                __text_base__ = .
 *(.text)
 .text          0x00000000080000c0       0xd0 .build/obj_wendy_vial/./lib/chibios/os/common/startup/ARMCMx/compilers/GCC/crt0_v6m.o
                0x00000000080000c0                _crt0_entry
 .text          0x0000000008000190        0x8 .build/obj_wendy_vial/./lib/chibios/os/common/startup/ARMCMx/compilers/GCC/vectors.o
                0x0000000008000190                Reset_Handler
                0x0000000008000192                Vector9C
                0x0000000008000192                VectorAC
                0x0000000008000192                DebugMon_Handler
                0x0000000008000192                Vector5C
                0x0000000008000192                HardFault_Handler
                0x0000000008000192                Vector8C
                0x0000000008000192                SysTick_Handler
                0x0000000008000192                PendSV_Handler
                0x0000000008000192                Vector94
                0x0000000008000192                VectorA8
                0x0000000008000192                VectorB4
                0x0000000008000192                Vector74
                0x0000000008000192                UsageFault_Handler
                0x0000000008000192                Vector40
                0x0000000008000192                Vector64
                0x0000000008000192                Vector58
                0x0000000008000192                Vector54
                0x0000000008000192                Vector98
                0x0000000008000192                Vector24
                0x0000000008000192                Vector84
                0x0000000008000192                SecureFault_Handler
                0x0000000008000192                MemManage_Handler
                0x0000000008000192                Vector6C
                0x0000000008000192                VectorA0
                0x0000000008000192                SVC_Handler
                0x0000000008000192                VectorB0
                0x0000000008000192                Vector90
                0x0000000008000192                Vector60
                0x0000000008000192                Vector48
                0x0000000008000192                Vector70
                0x0000000008000192                Vector4C
                0x0000000008000192                Vector80
                0x0000000008000192                Vector68
                0x0000000008000192                Vector78
                0x0000000008000192                VectorA4
                0x0000000008000192                Vector88
                0x0000000008000192                BusFault_Handler
                0x0000000008000192                Vector50
                0x0000000008000192                Vector44
                0x0000000008000192                Vector28
                0x0000000008000192                VectorB8
                0x0000000008000192                Vector34
                0x0000000008000192                Vector20
                0x0000000008000196                _unhandled_exception
 .text          0x0000000008000198       0x44 .build/obj_wendy_vial/./lib/chibios/os/common/ports/ARMv6-M/compilers/GCC/chcoreasm.o
                0x0000000008000198                __port_switch
                0x00000000080001b8                __port_thread_start
                0x00000000080001c6                __port_switch_from_isr
                0x00000000080001ca                __port_exit_from_isr
 .text          0x00000000080001dc       0x14 c:/qmk_msys/mingw64/bin/../lib/gcc/arm-none-eabi/10.1.0/thumb/v6-m/nofp\libgcc.a(_thumb1_case_sqi.o)
                0x00000000080001dc                __gnu_thumb1_case_sqi
 .text          0x00000000080001f0       0x14 c:/qmk_msys/mingw64/bin/../lib/gcc/arm-none-eabi/10.1.0/thumb/v6-m/nofp\libgcc.a(_thumb1_case_uqi.o)
                0x00000000080001f0                __gnu_thumb1_case_uqi
 .text          0x0000000008000204       0x14 c:/qmk_msys/mingw64/bin/../lib/gcc/arm-none-eabi/10.1.0/thumb/v6-m/nofp\libgcc.a(_thumb1_case_shi.o)
                0x0000000008000204                __gnu_thumb1_case_shi
 .text          0x0000000008000218       0x14 c:/qmk_msys/mingw64/bin/../lib/gcc/arm-none-eabi/10.1.0/thumb/v6-m/nofp\libgcc.a(_thumb1_case_uhi.o)
                0x0000000008000218                __gnu_thumb1_case_uhi
 .text          0x000000000800022c       0x8c c:/qmk_msys/mingw64/bin/../lib/gcc/arm-none-eabi/10.1.0/thumb/v6-m/nofp\libgcc.a(_udivsi3.o)
                0x000000000800022c                __aeabi_uidiv
                0x000000000800022c                __udivsi3
                0x00000000080002a4                __aeabi_uidivmod
 .text          0x00000000080002b8       0xa8 c:/qmk_msys/mingw64/bin/../lib/gcc/arm-none-eabi/10.1.0/thumb/v6-m/nofp\libgcc.a(_divsi3.o)
                0x00000000080002b8                __divsi3
                0x00000000080002b8                __aeabi_idiv
                0x000000000800034c                __aeabi_idivmod
 .text          0x0000000008000360        0x4 c:/qmk_msys/mingw64/bin/../lib/gcc/arm-none-eabi/10.1.0/thumb/v6-m/nofp\libgcc.a(_dvmd_tls.o)
                0x0000000008000360                __aeabi_idiv0
                0x0000000008000360                __aeabi_ldiv0
 .text          0x0000000008000364       0x40 c:/qmk_msys/mingw64/bin/../lib/gcc/arm-none-eabi/10.1.0/thumb/v6-m/nofp\libgcc.a(_aeabi_uldivmod.o)
                0x0000000008000364                __aeabi_uldivmod
 .text          0x00000000080003a4       0x18 c:/qmk_msys/mingw64/bin/../lib/gcc/arm-none-eabi/10.1.0/thumb/v6-m/nofp\libgcc.a(_lshrdi3.o)
                0x00000000080003a4                __lshrdi3
                0x00000000080003a4                __aeabi_llsr
 .text          0x00000000080003bc       0x18 c:/qmk_msys/mingw64/bin/../lib/gcc/arm-none-eabi/10.1.0/thumb/v6-m/nofp\libgcc.a(_ashldi3.o)
                0x00000000080003bc                __aeabi_llsl
                0x00000000080003bc                __ashldi3
 .text          0x00000000080003d4       0x3c c:/qmk_msys/mingw64/bin/../lib/gcc/arm-none-eabi/10.1.0/thumb/v6-m/nofp\libgcc.a(_clzsi2.o)
                0x00000000080003d4                __clzsi2
 .text          0x0000000008000410       0x18 c:/qmk_msys/mingw64/bin/../lib/gcc/arm-none-eabi/10.1.0/thumb/v6-m/nofp\libgcc.a(_clzdi2.o)
                0x0000000008000410                __clzdi2
 .text          0x0000000008000428       0x50 c:/qmk_msys/mingw64/bin/../lib/gcc/arm-none-eabi/10.1.0/../../../../arm-none-eabi/lib/thumb/v6-m/nofp\libg_nano.a(lib_a-memcmp.o)
                0x0000000008000428                memcmp
 .text          0x0000000008000478       0xa8 c:/qmk_msys/mingw64/bin/../lib/gcc/arm-none-eabi/10.1.0/../../../../arm-none-eabi/lib/thumb/v6-m/nofp\libg_nano.a(lib_a-memcpy-stub.o)
                0x0000000008000478                memcpy
 .text          0x0000000008000520       0xa8 c:/qmk_msys/mingw64/bin/../lib/gcc/arm-none-eabi/10.1.0/../../../../arm-none-eabi/lib/thumb/v6-m/nofp\libg_nano.a(lib_a-memset.o)
                0x0000000008000520                memset
 *(.text.*)
 .text.keymap_layer_count
                0x00000000080005c8        0x4 .build/obj_wendy_vial/quantum/keymap_introspection.o
                0x00000000080005c8                keymap_layer_count
 .text.extract_mod_bits
                0x00000000080005cc       0x60 .build/obj_wendy_vial/quantum/quantum.o
                0x00000000080005cc                extract_mod_bits
 .text.do_code16
                0x000000000800062c        0xc .build/obj_wendy_vial/quantum/quantum.o
                0x000000000800062c                do_code16
 .text.register_code16
                0x0000000008000638       0x2c .build/obj_wendy_vial/quantum/quantum.o
                0x0000000008000638                register_code16
 .text.unregister_code16
                0x0000000008000664       0x2c .build/obj_wendy_vial/quantum/quantum.o
                0x0000000008000664                unregister_code16
 .text.process_action_kb
                0x0000000008000690        0x4 .build/obj_wendy_vial/quantum/quantum.o
                0x0000000008000690                process_action_kb
 .text.process_record_user
                0x0000000008000694        0x4 .build/obj_wendy_vial/quantum/quantum.o
                0x0000000008000694                process_record_user
 .text.process_record_kb
                0x0000000008000698        0x8 .build/obj_wendy_vial/quantum/quantum.o
                0x0000000008000698                process_record_kb
 .text.post_process_record_user
                0x00000000080006a0        0x2 .build/obj_wendy_vial/quantum/quantum.o
                0x00000000080006a0                post_process_record_user
 .text.post_process_record_kb
                0x00000000080006a2        0x8 .build/obj_wendy_vial/quantum/quantum.o
                0x00000000080006a2                post_process_record_kb
 *fill*         0x00000000080006aa        0x2 
 .text.get_event_keycode
                0x00000000080006ac       0x48 .build/obj_wendy_vial/quantum/quantum.o
                0x00000000080006ac                get_event_keycode
 .text.get_record_keycode
                0x00000000080006f4       0x1c .build/obj_wendy_vial/quantum/quantum.o
                0x00000000080006f4                get_record_keycode
 .text.pre_process_record_quantum
                0x0000000008000710       0x12 .build/obj_wendy_vial/quantum/quantum.o
                0x0000000008000710                pre_process_record_quantum
 .text.post_process_record_quantum
                0x0000000008000722       0x12 .build/obj_wendy_vial/quantum/quantum.o
                0x0000000008000722                post_process_record_quantum
 .text.update_tri_layer_state
                0x0000000008000734       0x2a .build/obj_wendy_vial/quantum/quantum.o
                0x0000000008000734                update_tri_layer_state
 *fill*         0x000000000800075e        0x2 
 .text.update_tri_layer
                0x0000000008000760       0x1c .build/obj_wendy_vial/quantum/quantum.o
                0x0000000008000760                update_tri_layer
 .text.matrix_init_quantum
                0x000000000800077c        0x8 .build/obj_wendy_vial/quantum/quantum.o
                0x000000000800077c                matrix_init_quantum
 .text.matrix_scan_quantum
                0x0000000008000784        0x8 .build/obj_wendy_vial/quantum/quantum.o
                0x0000000008000784                matrix_scan_quantum
 .text.shutdown_user
                0x000000000800078c        0x2 .build/obj_wendy_vial/quantum/quantum.o
                0x000000000800078c                shutdown_user
 *fill*         0x000000000800078e        0x2 
 .text.shutdown_quantum
                0x0000000008000790       0x18 .build/obj_wendy_vial/quantum/quantum.o
                0x0000000008000790                shutdown_quantum
 .text.reset_keyboard
                0x00000000080007a8        0xc .build/obj_wendy_vial/quantum/quantum.o
                0x00000000080007a8                reset_keyboard
 .text.soft_reset_keyboard
                0x00000000080007b4        0xc .build/obj_wendy_vial/quantum/quantum.o
                0x00000000080007b4                soft_reset_keyboard
 .text.process_record_quantum_helper
                0x00000000080007c0       0xe8 .build/obj_wendy_vial/quantum/quantum.o
                0x00000000080007c0                process_record_quantum_helper
 .text.process_record_quantum
                0x00000000080008a8       0x12 .build/obj_wendy_vial/quantum/quantum.o
                0x00000000080008a8                process_record_quantum
 .text.suspend_wakeup_init_quantum
                0x00000000080008ba        0xc .build/obj_wendy_vial/quantum/quantum.o
                0x00000000080008ba                suspend_wakeup_init_quantum
 .text.led_set_user
                0x00000000080008c6        0x2 .build/obj_wendy_vial/quantum/led.o
                0x00000000080008c6                led_set_user
 .text.led_set_kb
                0x00000000080008c8        0x8 .build/obj_wendy_vial/quantum/led.o
                0x00000000080008c8                led_set_kb
 .text.led_update_user
                0x00000000080008d0        0x4 .build/obj_wendy_vial/quantum/led.o
                0x00000000080008d0                led_update_user
 .text.led_update_kb
                0x00000000080008d4       0x1e .build/obj_wendy_vial/quantum/led.o
                0x00000000080008d4                led_update_kb
 .text.led_init_ports
                0x00000000080008f2       0x16 .build/obj_wendy_vial/quantum/led.o
                0x00000000080008f2                led_init_ports
 .text.led_set  0x0000000008000908       0x10 .build/obj_wendy_vial/quantum/led.o
                0x0000000008000908                led_set
 .text.led_wakeup
                0x0000000008000918        0xc .build/obj_wendy_vial/quantum/led.o
                0x0000000008000918                led_wakeup
 .text.led_task
                0x0000000008000924       0x2c .build/obj_wendy_vial/quantum/led.o
                0x0000000008000924                led_task
 .text.action_exec
                0x0000000008000950       0xb4 .build/obj_wendy_vial/quantum/action.o
                0x0000000008000950                action_exec
 .text.process_record_tap_hint
                0x0000000008000a04        0xa .build/obj_wendy_vial/quantum/action.o
                0x0000000008000a04                process_record_tap_hint
 *fill*         0x0000000008000a0e        0x2 
 .text.register_code
                0x0000000008000a10       0x8c .build/obj_wendy_vial/quantum/action.o
                0x0000000008000a10                register_code
 .text.unregister_code
                0x0000000008000a9c       0x64 .build/obj_wendy_vial/quantum/action.o
                0x0000000008000a9c                unregister_code
 .text.tap_code_delay
                0x0000000008000b00       0x22 .build/obj_wendy_vial/quantum/action.o
                0x0000000008000b00                tap_code_delay
 *fill*         0x0000000008000b22        0x2 
 .text.tap_code
                0x0000000008000b24       0x18 .build/obj_wendy_vial/quantum/action.o
                0x0000000008000b24                tap_code
 .text.register_mods
                0x0000000008000b3c       0x10 .build/obj_wendy_vial/quantum/action.o
                0x0000000008000b3c                register_mods
 .text.unregister_mods
                0x0000000008000b4c       0x10 .build/obj_wendy_vial/quantum/action.o
                0x0000000008000b4c                unregister_mods
 .text.register_weak_mods
                0x0000000008000b5c       0x10 .build/obj_wendy_vial/quantum/action.o
                0x0000000008000b5c                register_weak_mods
 .text.unregister_weak_mods
                0x0000000008000b6c       0x10 .build/obj_wendy_vial/quantum/action.o
                0x0000000008000b6c                unregister_weak_mods
 .text.clear_keyboard_but_mods_and_keys
                0x0000000008000b7c       0x20 .build/obj_wendy_vial/quantum/action.o
                0x0000000008000b7c                clear_keyboard_but_mods_and_keys
 .text.clear_keyboard_but_mods
                0x0000000008000b9c        0xc .build/obj_wendy_vial/quantum/action.o
                0x0000000008000b9c                clear_keyboard_but_mods
 .text.clear_keyboard
                0x0000000008000ba8        0xc .build/obj_wendy_vial/quantum/action.o
                0x0000000008000ba8                clear_keyboard
 .text.is_tap_action
                0x0000000008000bb4       0x4c .build/obj_wendy_vial/quantum/action.o
                0x0000000008000bb4                is_tap_action
 .text.is_tap_record
                0x0000000008000c00       0x3c .build/obj_wendy_vial/quantum/action.o
                0x0000000008000c00                is_tap_record
 .text.process_action
                0x0000000008000c3c      0x584 .build/obj_wendy_vial/quantum/action.o
                0x0000000008000c3c                process_action
 .text.process_record_handler
                0x00000000080011c0       0x2c .build/obj_wendy_vial/quantum/action.o
                0x00000000080011c0                process_record_handler
 .text.process_record
                0x00000000080011ec       0x5c .build/obj_wendy_vial/quantum/action.o
                0x00000000080011ec                process_record
 .text.debug_event
                0x0000000008001248        0x6 .build/obj_wendy_vial/quantum/action.o
                0x0000000008001248                debug_event
 .text.debug_record
                0x000000000800124e        0x6 .build/obj_wendy_vial/quantum/action.o
                0x000000000800124e                debug_record
 .text.default_layer_state_set_user
                0x0000000008001254        0x2 .build/obj_wendy_vial/quantum/action_layer.o
                0x0000000008001254                default_layer_state_set_user
 .text.default_layer_state_set_kb
                0x0000000008001256        0x8 .build/obj_wendy_vial/quantum/action_layer.o
                0x0000000008001256                default_layer_state_set_kb
 *fill*         0x000000000800125e        0x2 
 .text.default_layer_state_set
                0x0000000008001260       0x14 .build/obj_wendy_vial/quantum/action_layer.o
 .text.default_layer_debug
                0x0000000008001274        0x2 .build/obj_wendy_vial/quantum/action_layer.o
                0x0000000008001274                default_layer_debug
 .text.default_layer_set
                0x0000000008001276        0x8 .build/obj_wendy_vial/quantum/action_layer.o
                0x0000000008001276                default_layer_set
 *fill*         0x000000000800127e        0x2 
 .text.default_layer_or
                0x0000000008001280       0x14 .build/obj_wendy_vial/quantum/action_layer.o
                0x0000000008001280                default_layer_or
 .text.default_layer_and
                0x0000000008001294       0x14 .build/obj_wendy_vial/quantum/action_layer.o
                0x0000000008001294                default_layer_and
 .text.default_layer_xor
                0x00000000080012a8       0x14 .build/obj_wendy_vial/quantum/action_layer.o
                0x00000000080012a8                default_layer_xor
 .text.layer_state_set_user
                0x00000000080012bc        0x2 .build/obj_wendy_vial/quantum/action_layer.o
                0x00000000080012bc                layer_state_set_user
 .text.layer_state_set_kb
                0x00000000080012be        0x8 .build/obj_wendy_vial/quantum/action_layer.o
                0x00000000080012be                layer_state_set_kb
 *fill*         0x00000000080012c6        0x2 
 .text.layer_state_set
                0x00000000080012c8       0x14 .build/obj_wendy_vial/quantum/action_layer.o
                0x00000000080012c8                layer_state_set
 .text.layer_clear
                0x00000000080012dc        0xa .build/obj_wendy_vial/quantum/action_layer.o
                0x00000000080012dc                layer_clear
 .text.layer_move
                0x00000000080012e6        0xe .build/obj_wendy_vial/quantum/action_layer.o
                0x00000000080012e6                layer_move
 .text.layer_on
                0x00000000080012f4       0x18 .build/obj_wendy_vial/quantum/action_layer.o
                0x00000000080012f4                layer_on
 .text.layer_off
                0x000000000800130c       0x18 .build/obj_wendy_vial/quantum/action_layer.o
                0x000000000800130c                layer_off
 .text.layer_invert
                0x0000000008001324       0x18 .build/obj_wendy_vial/quantum/action_layer.o
                0x0000000008001324                layer_invert
 .text.layer_or
                0x000000000800133c       0x14 .build/obj_wendy_vial/quantum/action_layer.o
                0x000000000800133c                layer_or
 .text.layer_and
                0x0000000008001350       0x14 .build/obj_wendy_vial/quantum/action_layer.o
                0x0000000008001350                layer_and
 .text.layer_xor
                0x0000000008001364       0x14 .build/obj_wendy_vial/quantum/action_layer.o
                0x0000000008001364                layer_xor
 .text.layer_debug
                0x0000000008001378        0x2 .build/obj_wendy_vial/quantum/action_layer.o
                0x0000000008001378                layer_debug
 .text.update_source_layers_cache_impl
                0x000000000800137a       0x32 .build/obj_wendy_vial/quantum/action_layer.o
                0x000000000800137a                update_source_layers_cache_impl
 .text.read_source_layers_cache_impl
                0x00000000080013ac       0x28 .build/obj_wendy_vial/quantum/action_layer.o
                0x00000000080013ac                read_source_layers_cache_impl
 .text.update_source_layers_cache
                0x00000000080013d4       0x28 .build/obj_wendy_vial/quantum/action_layer.o
                0x00000000080013d4                update_source_layers_cache
 .text.read_source_layers_cache
                0x00000000080013fc       0x28 .build/obj_wendy_vial/quantum/action_layer.o
                0x00000000080013fc                read_source_layers_cache
 .text.layer_switch_get_layer
                0x0000000008001424       0x44 .build/obj_wendy_vial/quantum/action_layer.o
                0x0000000008001424                layer_switch_get_layer
 .text.layer_switch_get_action
                0x0000000008001468       0x14 .build/obj_wendy_vial/quantum/action_layer.o
                0x0000000008001468                layer_switch_get_action
 .text.store_or_get_action
                0x000000000800147c       0x44 .build/obj_wendy_vial/quantum/action_layer.o
                0x000000000800147c                store_or_get_action
 .text.debug_waiting_buffer
                0x00000000080014c0       0x44 .build/obj_wendy_vial/quantum/action_tapping.o
 .text.debug_tapping_key
                0x0000000008001504       0x20 .build/obj_wendy_vial/quantum/action_tapping.o
 .text.waiting_buffer_typed.isra.0
                0x0000000008001524       0x4c .build/obj_wendy_vial/quantum/action_tapping.o
 .text.waiting_buffer_scan_tap
                0x0000000008001570       0xa8 .build/obj_wendy_vial/quantum/action_tapping.o
 .text.process_tapping
                0x0000000008001618      0x3e4 .build/obj_wendy_vial/quantum/action_tapping.o
 .text.action_tapping_process
                0x00000000080019fc       0xf0 .build/obj_wendy_vial/quantum/action_tapping.o
                0x00000000080019fc                action_tapping_process
 .text.add_key  0x0000000008001aec       0x14 .build/obj_wendy_vial/quantum/action_util.o
                0x0000000008001aec                add_key
 .text.del_key  0x0000000008001b00       0x14 .build/obj_wendy_vial/quantum/action_util.o
                0x0000000008001b00                del_key
 .text.clear_keys
                0x0000000008001b14       0x10 .build/obj_wendy_vial/quantum/action_util.o
                0x0000000008001b14                clear_keys
 .text.get_oneshot_locked_mods
                0x0000000008001b24        0xc .build/obj_wendy_vial/quantum/action_util.o
                0x0000000008001b24                get_oneshot_locked_mods
 .text.has_oneshot_mods_timed_out
                0x0000000008001b30       0x2c .build/obj_wendy_vial/quantum/action_util.o
                0x0000000008001b30                has_oneshot_mods_timed_out
 .text.get_oneshot_layer
                0x0000000008001b5c       0x10 .build/obj_wendy_vial/quantum/action_util.o
                0x0000000008001b5c                get_oneshot_layer
 .text.get_oneshot_layer_state
                0x0000000008001b6c       0x10 .build/obj_wendy_vial/quantum/action_util.o
                0x0000000008001b6c                get_oneshot_layer_state
 .text.has_oneshot_layer_timed_out
                0x0000000008001b7c       0x30 .build/obj_wendy_vial/quantum/action_util.o
                0x0000000008001b7c                has_oneshot_layer_timed_out
 .text.is_oneshot_layer_active
                0x0000000008001bac       0x14 .build/obj_wendy_vial/quantum/action_util.o
                0x0000000008001bac                is_oneshot_layer_active
 .text.get_mods
                0x0000000008001bc0        0xc .build/obj_wendy_vial/quantum/action_util.o
                0x0000000008001bc0                get_mods
 .text.add_mods
                0x0000000008001bcc       0x10 .build/obj_wendy_vial/quantum/action_util.o
                0x0000000008001bcc                add_mods
 .text.del_mods
                0x0000000008001bdc       0x10 .build/obj_wendy_vial/quantum/action_util.o
                0x0000000008001bdc                del_mods
 .text.clear_mods
                0x0000000008001bec        0xc .build/obj_wendy_vial/quantum/action_util.o
                0x0000000008001bec                clear_mods
 .text.get_weak_mods
                0x0000000008001bf8        0xc .build/obj_wendy_vial/quantum/action_util.o
                0x0000000008001bf8                get_weak_mods
 .text.add_weak_mods
                0x0000000008001c04       0x10 .build/obj_wendy_vial/quantum/action_util.o
                0x0000000008001c04                add_weak_mods
 .text.del_weak_mods
                0x0000000008001c14       0x10 .build/obj_wendy_vial/quantum/action_util.o
                0x0000000008001c14                del_weak_mods
 .text.clear_weak_mods
                0x0000000008001c24        0xc .build/obj_wendy_vial/quantum/action_util.o
                0x0000000008001c24                clear_weak_mods
 .text.set_weak_override_mods
                0x0000000008001c30        0xc .build/obj_wendy_vial/quantum/action_util.o
                0x0000000008001c30                set_weak_override_mods
 .text.clear_weak_override_mods
                0x0000000008001c3c        0xc .build/obj_wendy_vial/quantum/action_util.o
                0x0000000008001c3c                clear_weak_override_mods
 .text.set_suppressed_override_mods
                0x0000000008001c48        0xc .build/obj_wendy_vial/quantum/action_util.o
                0x0000000008001c48                set_suppressed_override_mods
 .text.clear_suppressed_override_mods
                0x0000000008001c54        0xc .build/obj_wendy_vial/quantum/action_util.o
                0x0000000008001c54                clear_suppressed_override_mods
 .text.get_oneshot_mods
                0x0000000008001c60        0xc .build/obj_wendy_vial/quantum/action_util.o
                0x0000000008001c60                get_oneshot_mods
 .text.oneshot_locked_mods_changed_user
                0x0000000008001c6c        0x2 .build/obj_wendy_vial/quantum/action_util.o
                0x0000000008001c6c                oneshot_locked_mods_changed_user
 .text.oneshot_locked_mods_changed_kb
                0x0000000008001c6e        0x8 .build/obj_wendy_vial/quantum/action_util.o
                0x0000000008001c6e                oneshot_locked_mods_changed_kb
 *fill*         0x0000000008001c76        0x2 
 .text.set_oneshot_locked_mods
                0x0000000008001c78       0x18 .build/obj_wendy_vial/quantum/action_util.o
                0x0000000008001c78                set_oneshot_locked_mods
 .text.oneshot_mods_changed_user
                0x0000000008001c90        0x2 .build/obj_wendy_vial/quantum/action_util.o
                0x0000000008001c90                oneshot_mods_changed_user
 .text.oneshot_mods_changed_kb
                0x0000000008001c92        0x8 .build/obj_wendy_vial/quantum/action_util.o
                0x0000000008001c92                oneshot_mods_changed_kb
 *fill*         0x0000000008001c9a        0x2 
 .text.set_oneshot_mods
                0x0000000008001c9c       0x34 .build/obj_wendy_vial/quantum/action_util.o
                0x0000000008001c9c                set_oneshot_mods
 .text.clear_oneshot_mods
                0x0000000008001cd0       0x20 .build/obj_wendy_vial/quantum/action_util.o
                0x0000000008001cd0                clear_oneshot_mods
 .text.send_keyboard_report
                0x0000000008001cf0       0x98 .build/obj_wendy_vial/quantum/action_util.o
                0x0000000008001cf0                send_keyboard_report
 .text.oneshot_layer_changed_user
                0x0000000008001d88        0x2 .build/obj_wendy_vial/quantum/action_util.o
                0x0000000008001d88                oneshot_layer_changed_user
 .text.oneshot_layer_changed_kb
                0x0000000008001d8a        0x8 .build/obj_wendy_vial/quantum/action_util.o
                0x0000000008001d8a                oneshot_layer_changed_kb
 *fill*         0x0000000008001d92        0x2 
 .text.set_oneshot_layer
                0x0000000008001d94       0x40 .build/obj_wendy_vial/quantum/action_util.o
                0x0000000008001d94                set_oneshot_layer
 .text.reset_oneshot_layer
                0x0000000008001dd4       0x1c .build/obj_wendy_vial/quantum/action_util.o
                0x0000000008001dd4                reset_oneshot_layer
 .text.clear_oneshot_layer_state
                0x0000000008001df0       0x38 .build/obj_wendy_vial/quantum/action_util.o
                0x0000000008001df0                clear_oneshot_layer_state
 .text.oneshot_set
                0x0000000008001e28       0x30 .build/obj_wendy_vial/quantum/action_util.o
                0x0000000008001e28                oneshot_set
 .text.oneshot_toggle
                0x0000000008001e58       0x18 .build/obj_wendy_vial/quantum/action_util.o
                0x0000000008001e58                oneshot_toggle
 .text.oneshot_enable
                0x0000000008001e70        0xa .build/obj_wendy_vial/quantum/action_util.o
                0x0000000008001e70                oneshot_enable
 .text.oneshot_disable
                0x0000000008001e7a        0xa .build/obj_wendy_vial/quantum/action_util.o
                0x0000000008001e7a                oneshot_disable
 .text.eeconfig_disable
                0x0000000008001e84       0x14 .build/obj_wendy_vial/quantum/eeconfig.o
                0x0000000008001e84                eeconfig_disable
 .text.eeconfig_is_enabled
                0x0000000008001e98       0x1c .build/obj_wendy_vial/quantum/eeconfig.o
                0x0000000008001e98                eeconfig_is_enabled
 .text.eeconfig_read_debug
                0x0000000008001eb4        0xa .build/obj_wendy_vial/quantum/eeconfig.o
                0x0000000008001eb4                eeconfig_read_debug
 .text.eeconfig_read_default_layer
                0x0000000008001ebe        0xa .build/obj_wendy_vial/quantum/eeconfig.o
                0x0000000008001ebe                eeconfig_read_default_layer
 .text.eeconfig_read_keymap
                0x0000000008001ec8       0x18 .build/obj_wendy_vial/quantum/eeconfig.o
                0x0000000008001ec8                eeconfig_read_keymap
 .text.eeconfig_update_keymap
                0x0000000008001ee0       0x16 .build/obj_wendy_vial/quantum/eeconfig.o
                0x0000000008001ee0                eeconfig_update_keymap
 .text.eeconfig_update_kb
                0x0000000008001ef6        0xc .build/obj_wendy_vial/quantum/eeconfig.o
                0x0000000008001ef6                eeconfig_update_kb
 .text.eeconfig_update_user
                0x0000000008001f02        0xc .build/obj_wendy_vial/quantum/eeconfig.o
                0x0000000008001f02                eeconfig_update_user
 .text.eeconfig_init_user
                0x0000000008001f0e        0xa .build/obj_wendy_vial/quantum/eeconfig.o
                0x0000000008001f0e                eeconfig_init_user
 .text.eeconfig_init_kb
                0x0000000008001f18        0xe .build/obj_wendy_vial/quantum/eeconfig.o
                0x0000000008001f18                eeconfig_init_kb
 *fill*         0x0000000008001f26        0x2 
 .text.eeconfig_init_quantum
                0x0000000008001f28       0x9c .build/obj_wendy_vial/quantum/eeconfig.o
                0x0000000008001f28                eeconfig_init_quantum
 .text.eeconfig_init
                0x0000000008001fc4        0x8 .build/obj_wendy_vial/quantum/eeconfig.o
                0x0000000008001fc4                eeconfig_init
 .text.eeconfig_update_handedness
                0x0000000008001fcc        0xc .build/obj_wendy_vial/quantum/eeconfig.o
                0x0000000008001fcc                eeconfig_update_handedness
 .text.last_matrix_activity_trigger
                0x0000000008001fd8       0x18 .build/obj_wendy_vial/quantum/keyboard.o
                0x0000000008001fd8                last_matrix_activity_trigger
 .text.matrix_setup
                0x0000000008001ff0        0x2 .build/obj_wendy_vial/quantum/keyboard.o
                0x0000000008001ff0                matrix_setup
 .text.keyboard_pre_init_user
                0x0000000008001ff2        0x2 .build/obj_wendy_vial/quantum/keyboard.o
                0x0000000008001ff2                keyboard_pre_init_user
 .text.keyboard_pre_init_kb
                0x0000000008001ff4        0x8 .build/obj_wendy_vial/quantum/keyboard.o
                0x0000000008001ff4                keyboard_pre_init_kb
 .text.keyboard_post_init_user
                0x0000000008001ffc        0x2 .build/obj_wendy_vial/quantum/keyboard.o
                0x0000000008001ffc                keyboard_post_init_user
 .text.keyboard_post_init_kb
                0x0000000008001ffe        0x8 .build/obj_wendy_vial/quantum/keyboard.o
                0x0000000008001ffe                keyboard_post_init_kb
 *fill*         0x0000000008002006        0x2 
 .text.keyboard_setup
                0x0000000008002008       0x24 .build/obj_wendy_vial/quantum/keyboard.o
                0x0000000008002008                keyboard_setup
 .text.is_keyboard_master
                0x000000000800202c        0x4 .build/obj_wendy_vial/quantum/keyboard.o
                0x000000000800202c                is_keyboard_master
 .text.should_process_keypress
                0x0000000008002030        0x8 .build/obj_wendy_vial/quantum/keyboard.o
                0x0000000008002030                should_process_keypress
 .text.housekeeping_task_kb
                0x0000000008002038        0x2 .build/obj_wendy_vial/quantum/keyboard.o
                0x0000000008002038                housekeeping_task_kb
 .text.housekeeping_task_user
                0x000000000800203a        0x2 .build/obj_wendy_vial/quantum/keyboard.o
                0x000000000800203a                housekeeping_task_user
 .text.housekeeping_task
                0x000000000800203c        0xc .build/obj_wendy_vial/quantum/keyboard.o
                0x000000000800203c                housekeeping_task
 .text.quantum_init
                0x0000000008002048        0xc .build/obj_wendy_vial/quantum/keyboard.o
                0x0000000008002048                quantum_init
 .text.keyboard_init
                0x0000000008002054       0x18 .build/obj_wendy_vial/quantum/keyboard.o
                0x0000000008002054                keyboard_init
 .text.quantum_task
                0x000000000800206c       0x14 .build/obj_wendy_vial/quantum/keyboard.o
                0x000000000800206c                quantum_task
 .text.keyboard_task
                0x0000000008002080       0xf4 .build/obj_wendy_vial/quantum/keyboard.o
                0x0000000008002080                keyboard_task
 .text.action_for_keycode
                0x0000000008002174      0x1a0 .build/obj_wendy_vial/quantum/keymap_common.o
                0x0000000008002174                action_for_keycode
 .text.action_for_key
                0x0000000008002314       0x12 .build/obj_wendy_vial/quantum/keymap_common.o
                0x0000000008002314                action_for_key
 *fill*         0x0000000008002326        0x2 
 .text.keycode_config
                0x0000000008002328      0x100 .build/obj_wendy_vial/quantum/keycode_config.o
                0x0000000008002328                keycode_config
 .text.mod_config
                0x0000000008002428       0xa8 .build/obj_wendy_vial/quantum/keycode_config.o
                0x0000000008002428                mod_config
 .text.sendchar
                0x00000000080024d0        0x4 .build/obj_wendy_vial/quantum/logging/sendchar.o
                0x00000000080024d0                sendchar
 .text.null_sendchar_func
                0x00000000080024d4        0x4 .build/obj_wendy_vial/quantum/logging/print.o
 .text.print_set_sendchar
                0x00000000080024d8        0xc .build/obj_wendy_vial/quantum/logging/print.o
                0x00000000080024d8                print_set_sendchar
 .text.bootmagic_lite_reset_eeprom
                0x00000000080024e4        0x8 .build/obj_wendy_vial/quantum/bootmagic/bootmagic_lite.o
                0x00000000080024e4                bootmagic_lite_reset_eeprom
 .text.bootmagic_lite
                0x00000000080024ec       0x24 .build/obj_wendy_vial/quantum/bootmagic/bootmagic_lite.o
                0x00000000080024ec                bootmagic_lite
 .text.bootmagic
                0x0000000008002510        0x8 .build/obj_wendy_vial/quantum/bootmagic/bootmagic_lite.o
                0x0000000008002510                bootmagic
 .text.magic    0x0000000008002518       0x40 .build/obj_wendy_vial/quantum/bootmagic/magic.o
                0x0000000008002518                magic
 .text.matrix_init_user
                0x0000000008002558        0x2 .build/obj_wendy_vial/quantum/matrix_common.o
                0x0000000008002558                matrix_init_user
 .text.matrix_init_kb
                0x000000000800255a        0x8 .build/obj_wendy_vial/quantum/matrix_common.o
                0x000000000800255a                matrix_init_kb
 .text.matrix_scan_user
                0x0000000008002562        0x2 .build/obj_wendy_vial/quantum/matrix_common.o
                0x0000000008002562                matrix_scan_user
 .text.matrix_scan_kb
                0x0000000008002564        0x8 .build/obj_wendy_vial/quantum/matrix_common.o
                0x0000000008002564                matrix_scan_kb
 .text.matrix_get_row
                0x000000000800256c        0xc .build/obj_wendy_vial/quantum/matrix_common.o
                0x000000000800256c                matrix_get_row
 .text.matrix_print
                0x0000000008002578        0x2 .build/obj_wendy_vial/quantum/matrix_common.o
                0x0000000008002578                matrix_print
 .text.matrix_io_delay
                0x000000000800257a        0xa .build/obj_wendy_vial/quantum/matrix_common.o
                0x000000000800257a                matrix_io_delay
 .text.matrix_output_select_delay
                0x0000000008002584       0x1a .build/obj_wendy_vial/quantum/matrix_common.o
                0x0000000008002584                matrix_output_select_delay
 .text.matrix_output_unselect_delay
                0x000000000800259e        0x8 .build/obj_wendy_vial/quantum/matrix_common.o
                0x000000000800259e                matrix_output_unselect_delay
 .text.setPinInputHigh_atomic
                0x00000000080025a6       0x1a .build/obj_wendy_vial/quantum/matrix.o
 .text.matrix_init_pins
                0x00000000080025c0       0x38 .build/obj_wendy_vial/quantum/matrix.o
                0x00000000080025c0                matrix_init_pins
 .text.matrix_read_cols_on_row
                0x00000000080025f8       0x9c .build/obj_wendy_vial/quantum/matrix.o
                0x00000000080025f8                matrix_read_cols_on_row
 .text.matrix_init
                0x0000000008002694       0x30 .build/obj_wendy_vial/quantum/matrix.o
                0x0000000008002694                matrix_init
 .text.matrix_scan
                0x00000000080026c4       0x64 .build/obj_wendy_vial/quantum/matrix.o
                0x00000000080026c4                matrix_scan
 .text.debounce_init
                0x0000000008002728        0x2 .build/obj_wendy_vial/quantum/debounce/sym_defer_g.o
                0x0000000008002728                debounce_init
 *fill*         0x000000000800272a        0x2 
 .text.debounce
                0x000000000800272c       0x64 .build/obj_wendy_vial/quantum/debounce/sym_defer_g.o
                0x000000000800272c                debounce
 .text.protocol_init
                0x0000000008002790       0x10 .build/obj_wendy_vial/quantum/main.o
                0x0000000008002790                protocol_init
 .text.protocol_task
                0x00000000080027a0       0x10 .build/obj_wendy_vial/quantum/main.o
                0x00000000080027a0                protocol_task
 .text.startup.main
                0x00000000080027b0       0x1c .build/obj_wendy_vial/quantum/main.o
                0x00000000080027b0                main
 .text.move_unit
                0x00000000080027cc       0x78 .build/obj_wendy_vial/quantum/mousekey.o
 .text.wheel_unit
                0x0000000008002844       0x68 .build/obj_wendy_vial/quantum/mousekey.o
 .text.mousekey_on
                0x00000000080028ac       0xdc .build/obj_wendy_vial/quantum/mousekey.o
                0x00000000080028ac                mousekey_on
 .text.mousekey_off
                0x0000000008002988      0x104 .build/obj_wendy_vial/quantum/mousekey.o
                0x0000000008002988                mousekey_off
 .text.mousekey_send
                0x0000000008002a8c       0x34 .build/obj_wendy_vial/quantum/mousekey.o
                0x0000000008002a8c                mousekey_send
 .text.mousekey_clear
                0x0000000008002ac0       0x2c .build/obj_wendy_vial/quantum/mousekey.o
                0x0000000008002ac0                mousekey_clear
 .text.should_mousekey_report_send
                0x0000000008002aec       0x26 .build/obj_wendy_vial/quantum/mousekey.o
                0x0000000008002aec                should_mousekey_report_send
 *fill*         0x0000000008002b12        0x2 
 .text.mousekey_task
                0x0000000008002b14      0x19c .build/obj_wendy_vial/quantum/mousekey.o
                0x0000000008002b14                mousekey_task
 .text.eeprom_read_byte
                0x0000000008002cb0       0x1a .build/obj_wendy_vial/eeprom_driver.o
                0x0000000008002cb0                eeprom_read_byte
 .text.eeprom_read_word
                0x0000000008002cca       0x1a .build/obj_wendy_vial/eeprom_driver.o
                0x0000000008002cca                eeprom_read_word
 .text.eeprom_read_dword
                0x0000000008002ce4       0x14 .build/obj_wendy_vial/eeprom_driver.o
                0x0000000008002ce4                eeprom_read_dword
 .text.eeprom_write_byte
                0x0000000008002cf8       0x14 .build/obj_wendy_vial/eeprom_driver.o
                0x0000000008002cf8                eeprom_write_byte
 .text.eeprom_write_word
                0x0000000008002d0c       0x14 .build/obj_wendy_vial/eeprom_driver.o
                0x0000000008002d0c                eeprom_write_word
 .text.eeprom_write_dword
                0x0000000008002d20       0x10 .build/obj_wendy_vial/eeprom_driver.o
                0x0000000008002d20                eeprom_write_dword
 .text.eeprom_update_byte
                0x0000000008002d30       0x18 .build/obj_wendy_vial/eeprom_driver.o
                0x0000000008002d30                eeprom_update_byte
 .text.eeprom_update_word
                0x0000000008002d48       0x18 .build/obj_wendy_vial/eeprom_driver.o
                0x0000000008002d48                eeprom_update_word
 .text.eeprom_update_dword
                0x0000000008002d60       0x18 .build/obj_wendy_vial/eeprom_driver.o
                0x0000000008002d60                eeprom_update_dword
 .text.eeprom_clear
                0x0000000008002d78       0x40 .build/obj_wendy_vial/eeprom_stm32.o
 .text.eeprom_write_direct_entry
                0x0000000008002db8       0x44 .build/obj_wendy_vial/eeprom_stm32.o
 .text.eeprom_compact
                0x0000000008002dfc       0x44 .build/obj_wendy_vial/eeprom_stm32.o
 .text.eeprom_write_log_word_entry
                0x0000000008002e40       0x80 .build/obj_wendy_vial/eeprom_stm32.o
 .text.eeprom_write_log_byte_entry
                0x0000000008002ec0       0x44 .build/obj_wendy_vial/eeprom_stm32.o
 .text.EEPROM_Init
                0x0000000008002f04       0xa8 .build/obj_wendy_vial/eeprom_stm32.o
                0x0000000008002f04                EEPROM_Init
 .text.EEPROM_Erase
                0x0000000008002fac        0xc .build/obj_wendy_vial/eeprom_stm32.o
                0x0000000008002fac                EEPROM_Erase
 .text.EEPROM_WriteDataByte
                0x0000000008002fb8       0x44 .build/obj_wendy_vial/eeprom_stm32.o
                0x0000000008002fb8                EEPROM_WriteDataByte
 .text.EEPROM_WriteDataWord
                0x0000000008002ffc       0x80 .build/obj_wendy_vial/eeprom_stm32.o
                0x0000000008002ffc                EEPROM_WriteDataWord
 .text.EEPROM_ReadDataByte
                0x000000000800307c       0x18 .build/obj_wendy_vial/eeprom_stm32.o
                0x000000000800307c                EEPROM_ReadDataByte
 .text.EEPROM_ReadDataWord
                0x0000000008003094       0x34 .build/obj_wendy_vial/eeprom_stm32.o
                0x0000000008003094                EEPROM_ReadDataWord
 .text.eeprom_driver_init
                0x00000000080030c8        0x8 .build/obj_wendy_vial/eeprom_stm32.o
                0x00000000080030c8                eeprom_driver_init
 .text.eeprom_driver_erase
                0x00000000080030d0        0x8 .build/obj_wendy_vial/eeprom_stm32.o
                0x00000000080030d0                eeprom_driver_erase
 .text.eeprom_read_block
                0x00000000080030d8       0x78 .build/obj_wendy_vial/eeprom_stm32.o
                0x00000000080030d8                eeprom_read_block
 .text.eeprom_write_block
                0x0000000008003150       0x58 .build/obj_wendy_vial/eeprom_stm32.o
                0x0000000008003150                eeprom_write_block
 .text.FLASH_GetStatus
                0x00000000080031a8       0x2c .build/obj_wendy_vial/flash_stm32.o
                0x00000000080031a8                FLASH_GetStatus
 .text.FLASH_WaitForLastOperation
                0x00000000080031d4       0x3a .build/obj_wendy_vial/flash_stm32.o
                0x00000000080031d4                FLASH_WaitForLastOperation
 *fill*         0x000000000800320e        0x2 
 .text.FLASH_ErasePage
                0x0000000008003210       0x40 .build/obj_wendy_vial/flash_stm32.o
                0x0000000008003210                FLASH_ErasePage
 .text.FLASH_ProgramHalfWord
                0x0000000008003250       0x48 .build/obj_wendy_vial/flash_stm32.o
                0x0000000008003250                FLASH_ProgramHalfWord
 .text.FLASH_Unlock
                0x0000000008003298       0x20 .build/obj_wendy_vial/flash_stm32.o
                0x0000000008003298                FLASH_Unlock
 .text.FLASH_Lock
                0x00000000080032b8       0x10 .build/obj_wendy_vial/flash_stm32.o
                0x00000000080032b8                FLASH_Lock
 .text.via_eeprom_is_valid
                0x00000000080032c8       0x28 .build/obj_wendy_vial/quantum/via.o
                0x00000000080032c8                via_eeprom_is_valid
 .text.via_eeprom_set_valid
                0x00000000080032f0       0x2e .build/obj_wendy_vial/quantum/via.o
                0x00000000080032f0                via_eeprom_set_valid
 .text.via_init_kb
                0x000000000800331e        0x2 .build/obj_wendy_vial/quantum/via.o
                0x000000000800331e                via_init_kb
 .text.via_get_layout_options
                0x0000000008003320        0xa .build/obj_wendy_vial/quantum/via.o
                0x0000000008003320                via_get_layout_options
 .text.via_set_layout_options_kb
                0x000000000800332a        0x2 .build/obj_wendy_vial/quantum/via.o
                0x000000000800332a                via_set_layout_options_kb
 .text.via_set_layout_options
                0x000000000800332c       0x12 .build/obj_wendy_vial/quantum/via.o
                0x000000000800332c                via_set_layout_options
 .text.eeconfig_init_via
                0x000000000800333e       0x1e .build/obj_wendy_vial/quantum/via.o
                0x000000000800333e                eeconfig_init_via
 .text.via_init
                0x000000000800335c       0x1c .build/obj_wendy_vial/quantum/via.o
                0x000000000800335c                via_init
 .text.process_record_via
                0x0000000008003378       0x74 .build/obj_wendy_vial/quantum/via.o
                0x0000000008003378                process_record_via
 .text.raw_hid_receive_kb
                0x00000000080033ec        0x6 .build/obj_wendy_vial/quantum/via.o
                0x00000000080033ec                raw_hid_receive_kb
 *fill*         0x00000000080033f2        0x2 
 .text.raw_hid_receive
                0x00000000080033f4      0x1b0 .build/obj_wendy_vial/quantum/via.o
                0x00000000080033f4                raw_hid_receive
 .text.reload_tap_dance
                0x00000000080035a4       0x30 .build/obj_wendy_vial/quantum/vial.o
 .text.reload_combo
                0x00000000080035d4       0x58 .build/obj_wendy_vial/quantum/vial.o
 .text.vial_keycode_firewall
                0x000000000800362c       0x1c .build/obj_wendy_vial/quantum/vial.o
 .text.reload_key_override
                0x0000000008003648       0xa8 .build/obj_wendy_vial/quantum/vial.o
 .text.vial_init
                0x00000000080036f0       0x10 .build/obj_wendy_vial/quantum/vial.o
                0x00000000080036f0                vial_init
 .text.vial_handle_cmd
                0x0000000008003700      0x208 .build/obj_wendy_vial/quantum/vial.o
                0x0000000008003700                vial_handle_cmd
 .text.vial_keycode_down
                0x0000000008003908       0x3c .build/obj_wendy_vial/quantum/vial.o
                0x0000000008003908                vial_keycode_down
 .text.vial_keycode_up
                0x0000000008003944       0x3c .build/obj_wendy_vial/quantum/vial.o
                0x0000000008003944                vial_keycode_up
 .text.on_dance_reset
                0x0000000008003980       0x9c .build/obj_wendy_vial/quantum/vial.o
 .text.vial_keycode_tap
                0x0000000008003a1c       0x48 .build/obj_wendy_vial/quantum/vial.o
                0x0000000008003a1c                vial_keycode_tap
 .text.on_dance_finished
                0x0000000008003a64       0x9c .build/obj_wendy_vial/quantum/vial.o
 .text.on_dance
                0x0000000008003b00       0x3c .build/obj_wendy_vial/quantum/vial.o
 .text.get_tapping_term
                0x0000000008003b3c       0x30 .build/obj_wendy_vial/quantum/vial.o
                0x0000000008003b3c                get_tapping_term
 .text.process_record_vial
                0x0000000008003b6c       0x70 .build/obj_wendy_vial/quantum/vial.o
                0x0000000008003b6c                process_record_vial
 .text.dynamic_keymap_get_layer_count
                0x0000000008003bdc        0x4 .build/obj_wendy_vial/quantum/dynamic_keymap.o
                0x0000000008003bdc                dynamic_keymap_get_layer_count
 .text.dynamic_keymap_key_to_eeprom_address
                0x0000000008003be0       0x12 .build/obj_wendy_vial/quantum/dynamic_keymap.o
                0x0000000008003be0                dynamic_keymap_key_to_eeprom_address
 .text.dynamic_keymap_get_keycode
                0x0000000008003bf2       0x2c .build/obj_wendy_vial/quantum/dynamic_keymap.o
                0x0000000008003bf2                dynamic_keymap_get_keycode
 .text.dynamic_keymap_set_keycode
                0x0000000008003c1e       0x26 .build/obj_wendy_vial/quantum/dynamic_keymap.o
                0x0000000008003c1e                dynamic_keymap_set_keycode
 .text.dynamic_keymap_get_qmk_settings
                0x0000000008003c44       0x1c .build/obj_wendy_vial/quantum/dynamic_keymap.o
                0x0000000008003c44                dynamic_keymap_get_qmk_settings
 .text.dynamic_keymap_set_qmk_settings
                0x0000000008003c60       0x18 .build/obj_wendy_vial/quantum/dynamic_keymap.o
                0x0000000008003c60                dynamic_keymap_set_qmk_settings
 .text.dynamic_keymap_get_tap_dance
                0x0000000008003c78       0x24 .build/obj_wendy_vial/quantum/dynamic_keymap.o
                0x0000000008003c78                dynamic_keymap_get_tap_dance
 .text.dynamic_keymap_set_tap_dance
                0x0000000008003c9c       0x24 .build/obj_wendy_vial/quantum/dynamic_keymap.o
                0x0000000008003c9c                dynamic_keymap_set_tap_dance
 .text.dynamic_keymap_get_combo
                0x0000000008003cc0       0x24 .build/obj_wendy_vial/quantum/dynamic_keymap.o
                0x0000000008003cc0                dynamic_keymap_get_combo
 .text.dynamic_keymap_set_combo
                0x0000000008003ce4       0x24 .build/obj_wendy_vial/quantum/dynamic_keymap.o
                0x0000000008003ce4                dynamic_keymap_set_combo
 .text.dynamic_keymap_get_key_override
                0x0000000008003d08       0x24 .build/obj_wendy_vial/quantum/dynamic_keymap.o
                0x0000000008003d08                dynamic_keymap_get_key_override
 .text.dynamic_keymap_set_key_override
                0x0000000008003d2c       0x24 .build/obj_wendy_vial/quantum/dynamic_keymap.o
                0x0000000008003d2c                dynamic_keymap_set_key_override
 .text.dynamic_keymap_reset
                0x0000000008003d50       0xc8 .build/obj_wendy_vial/quantum/dynamic_keymap.o
                0x0000000008003d50                dynamic_keymap_reset
 .text.dynamic_keymap_get_buffer
                0x0000000008003e18       0x30 .build/obj_wendy_vial/quantum/dynamic_keymap.o
                0x0000000008003e18                dynamic_keymap_get_buffer
 .text.dynamic_keymap_set_buffer
                0x0000000008003e48       0x34 .build/obj_wendy_vial/quantum/dynamic_keymap.o
                0x0000000008003e48                dynamic_keymap_set_buffer
 .text.keymap_key_to_keycode
                0x0000000008003e7c       0x44 .build/obj_wendy_vial/quantum/dynamic_keymap.o
                0x0000000008003e7c                keymap_key_to_keycode
 .text.dynamic_keymap_macro_get_count
                0x0000000008003ec0        0x4 .build/obj_wendy_vial/quantum/dynamic_keymap.o
                0x0000000008003ec0                dynamic_keymap_macro_get_count
 .text.dynamic_keymap_macro_get_buffer_size
                0x0000000008003ec4        0x8 .build/obj_wendy_vial/quantum/dynamic_keymap.o
                0x0000000008003ec4                dynamic_keymap_macro_get_buffer_size
 .text.dynamic_keymap_macro_get_buffer
                0x0000000008003ecc       0x34 .build/obj_wendy_vial/quantum/dynamic_keymap.o
                0x0000000008003ecc                dynamic_keymap_macro_get_buffer
 .text.dynamic_keymap_macro_set_buffer
                0x0000000008003f00       0x2c .build/obj_wendy_vial/quantum/dynamic_keymap.o
                0x0000000008003f00                dynamic_keymap_macro_set_buffer
 .text.dynamic_keymap_macro_reset
                0x0000000008003f2c       0x1c .build/obj_wendy_vial/quantum/dynamic_keymap.o
                0x0000000008003f2c                dynamic_keymap_macro_reset
 .text.dynamic_keymap_macro_send
                0x0000000008003f48      0x120 .build/obj_wendy_vial/quantum/dynamic_keymap.o
                0x0000000008003f48                dynamic_keymap_macro_send
 .text.mousekey_apply
                0x0000000008004068       0x68 .build/obj_wendy_vial/quantum/qmk_settings.o
 .text.magic_settings_get
                0x00000000080040d0       0x5c .build/obj_wendy_vial/quantum/qmk_settings.o
 .text.eeprom_settings_get
                0x000000000800412c       0x1e .build/obj_wendy_vial/quantum/qmk_settings.o
 *fill*         0x000000000800414a        0x2 
 .text.magic_settings_set
                0x000000000800414c       0x80 .build/obj_wendy_vial/quantum/qmk_settings.o
 .text.auto_shift_timeout_apply
                0x00000000080041cc       0x10 .build/obj_wendy_vial/quantum/qmk_settings.o
 .text.eeprom_settings_save
                0x00000000080041dc       0x28 .build/obj_wendy_vial/quantum/qmk_settings.o
 .text.eeprom_settings_set
                0x0000000008004204       0x1e .build/obj_wendy_vial/quantum/qmk_settings.o
 *fill*         0x0000000008004222        0x2 
 .text.qmk_settings_init
                0x0000000008004224       0x34 .build/obj_wendy_vial/quantum/qmk_settings.o
                0x0000000008004224                qmk_settings_init
 .text.qmk_settings_reset
                0x0000000008004258       0x68 .build/obj_wendy_vial/quantum/qmk_settings.o
                0x0000000008004258                qmk_settings_reset
 .text.qmk_settings_query
                0x00000000080042c0       0x48 .build/obj_wendy_vial/quantum/qmk_settings.o
                0x00000000080042c0                qmk_settings_query
 .text.qmk_settings_get
                0x0000000008004308       0x34 .build/obj_wendy_vial/quantum/qmk_settings.o
                0x0000000008004308                qmk_settings_get
 .text.qmk_settings_set
                0x000000000800433c       0x40 .build/obj_wendy_vial/quantum/qmk_settings.o
                0x000000000800433c                qmk_settings_set
 .text.qs_get_tapping_term
                0x000000000800437c        0xc .build/obj_wendy_vial/quantum/qmk_settings.o
                0x000000000800437c                qs_get_tapping_term
 .text.get_permissive_hold
                0x0000000008004388       0x10 .build/obj_wendy_vial/quantum/qmk_settings.o
                0x0000000008004388                get_permissive_hold
 .text.get_ignore_mod_tap_interrupt
                0x0000000008004398       0x10 .build/obj_wendy_vial/quantum/qmk_settings.o
                0x0000000008004398                get_ignore_mod_tap_interrupt
 .text.get_tapping_force_hold
                0x00000000080043a8       0x10 .build/obj_wendy_vial/quantum/qmk_settings.o
                0x00000000080043a8                get_tapping_force_hold
 .text.get_retro_tapping
                0x00000000080043b8       0x10 .build/obj_wendy_vial/quantum/qmk_settings.o
                0x00000000080043b8                get_retro_tapping
 .text.get_combo_term
                0x00000000080043c8        0xc .build/obj_wendy_vial/quantum/qmk_settings.o
                0x00000000080043c8                get_combo_term
 .text.get_auto_shifted_key
                0x00000000080043d4       0x48 .build/obj_wendy_vial/quantum/qmk_settings.o
                0x00000000080043d4                get_auto_shifted_key
 .text.get_auto_shift_repeat
                0x000000000800441c       0x10 .build/obj_wendy_vial/quantum/qmk_settings.o
                0x000000000800441c                get_auto_shift_repeat
 .text.get_auto_shift_no_auto_repeat
                0x000000000800442c       0x10 .build/obj_wendy_vial/quantum/qmk_settings.o
                0x000000000800442c                get_auto_shift_no_auto_repeat
 .text.process_magic
                0x000000000800443c      0x23c .build/obj_wendy_vial/quantum/process_keycode/process_magic.o
                0x000000000800443c                process_magic
 .text.send_char
                0x0000000008004678       0x74 .build/obj_wendy_vial/quantum/send_string/send_string.o
                0x0000000008004678                send_char
 .text.send_string_with_delay
                0x00000000080046ec       0x94 .build/obj_wendy_vial/quantum/send_string/send_string.o
                0x00000000080046ec                send_string_with_delay
 .text.send_string
                0x0000000008004780        0xa .build/obj_wendy_vial/quantum/send_string/send_string.o
                0x0000000008004780                send_string
 *fill*         0x000000000800478a        0x2 
 .text.autoshift_flush_shift
                0x000000000800478c       0x40 .build/obj_wendy_vial/quantum/process_keycode/process_auto_shift.o
 .text.autoshift_press_user
                0x00000000080047cc       0x3c .build/obj_wendy_vial/quantum/process_keycode/process_auto_shift.o
                0x00000000080047cc                autoshift_press_user
 .text.autoshift_release_user
                0x0000000008004808       0x30 .build/obj_wendy_vial/quantum/process_keycode/process_auto_shift.o
                0x0000000008004808                autoshift_release_user
 .text.set_autoshift_shift_state
                0x0000000008004838       0x2c .build/obj_wendy_vial/quantum/process_keycode/process_auto_shift.o
                0x0000000008004838                set_autoshift_shift_state
 .text.get_autoshift_shift_state
                0x0000000008004864       0x1c .build/obj_wendy_vial/quantum/process_keycode/process_auto_shift.o
                0x0000000008004864                get_autoshift_shift_state
 .text.autoshift_end
                0x0000000008004880      0x13c .build/obj_wendy_vial/quantum/process_keycode/process_auto_shift.o
 .text.autoshift_matrix_scan
                0x00000000080049bc       0x50 .build/obj_wendy_vial/quantum/process_keycode/process_auto_shift.o
                0x00000000080049bc                autoshift_matrix_scan
 .text.autoshift_toggle
                0x0000000008004a0c       0x20 .build/obj_wendy_vial/quantum/process_keycode/process_auto_shift.o
                0x0000000008004a0c                autoshift_toggle
 .text.autoshift_disable
                0x0000000008004a2c       0x18 .build/obj_wendy_vial/quantum/process_keycode/process_auto_shift.o
                0x0000000008004a2c                autoshift_disable
 .text.set_autoshift_timeout
                0x0000000008004a44        0xc .build/obj_wendy_vial/quantum/process_keycode/process_auto_shift.o
                0x0000000008004a44                set_autoshift_timeout
 .text.process_auto_shift
                0x0000000008004a50      0x250 .build/obj_wendy_vial/quantum/process_keycode/process_auto_shift.o
                0x0000000008004a50                process_auto_shift
 .text.process_combo_event
                0x0000000008004ca0        0x2 .build/obj_wendy_vial/quantum/process_keycode/process_combo.o
                0x0000000008004ca0                process_combo_event
 *fill*         0x0000000008004ca2        0x2 
 .text.dump_key_buffer
                0x0000000008004ca4       0xbc .build/obj_wendy_vial/quantum/process_keycode/process_combo.o
 .text.clear_combos
                0x0000000008004d60       0x30 .build/obj_wendy_vial/quantum/process_keycode/process_combo.o
                0x0000000008004d60                clear_combos
 .text.drop_combo_from_buffer
                0x0000000008004d90       0x4c .build/obj_wendy_vial/quantum/process_keycode/process_combo.o
                0x0000000008004d90                drop_combo_from_buffer
 .text.apply_combo
                0x0000000008004ddc       0xa4 .build/obj_wendy_vial/quantum/process_keycode/process_combo.o
                0x0000000008004ddc                apply_combo
 .text.apply_combos
                0x0000000008004e80       0x44 .build/obj_wendy_vial/quantum/process_keycode/process_combo.o
 .text.overlaps
                0x0000000008004ec4       0x4a .build/obj_wendy_vial/quantum/process_keycode/process_combo.o
                0x0000000008004ec4                overlaps
 *fill*         0x0000000008004f0e        0x2 
 .text.combo_task
                0x0000000008004f10       0x58 .build/obj_wendy_vial/quantum/process_keycode/process_combo.o
                0x0000000008004f10                combo_task
 .text.combo_disable
                0x0000000008004f68       0x30 .build/obj_wendy_vial/quantum/process_keycode/process_combo.o
                0x0000000008004f68                combo_disable
 .text.combo_toggle
                0x0000000008004f98       0x1c .build/obj_wendy_vial/quantum/process_keycode/process_combo.o
                0x0000000008004f98                combo_toggle
 .text.process_combo
                0x0000000008004fb4      0x2c8 .build/obj_wendy_vial/quantum/process_keycode/process_combo.o
                0x0000000008004fb4                process_combo
 .text.process_grave_esc
                0x000000000800527c       0x9c .build/obj_wendy_vial/quantum/process_keycode/process_grave_esc.o
                0x000000000800527c                process_grave_esc
 .text.schedule_deferred_register
                0x0000000008005318       0x40 .build/obj_wendy_vial/quantum/process_keycode/process_key_override.o
 .text.key_override_matches_active_modifiers
                0x0000000008005358       0x3e .build/obj_wendy_vial/quantum/process_keycode/process_key_override.o
 *fill*         0x0000000008005396        0x2 
 .text.clear_active_override.isra.0
                0x0000000008005398       0xa8 .build/obj_wendy_vial/quantum/process_keycode/process_key_override.o
 .text.key_override_off
                0x0000000008005440       0x14 .build/obj_wendy_vial/quantum/process_keycode/process_key_override.o
                0x0000000008005440                key_override_off
 .text.key_override_toggle
                0x0000000008005454       0x1c .build/obj_wendy_vial/quantum/process_keycode/process_key_override.o
                0x0000000008005454                key_override_toggle
 .text.key_override_task
                0x0000000008005470       0x38 .build/obj_wendy_vial/quantum/process_keycode/process_key_override.o
                0x0000000008005470                key_override_task
 .text.process_key_override
                0x00000000080054a8      0x2bc .build/obj_wendy_vial/quantum/process_keycode/process_key_override.o
                0x00000000080054a8                process_key_override
 .text.perform_space_cadet
                0x0000000008005764       0xcc .build/obj_wendy_vial/quantum/process_keycode/process_space_cadet.o
                0x0000000008005764                perform_space_cadet
 .text.process_space_cadet
                0x0000000008005830       0xc4 .build/obj_wendy_vial/quantum/process_keycode/process_space_cadet.o
                0x0000000008005830                process_space_cadet
 .text.process_tap_dance_action_on_reset
                0x00000000080058f4       0x2a .build/obj_wendy_vial/quantum/process_keycode/process_tap_dance.o
 *fill*         0x000000000800591e        0x2 
 .text.process_tap_dance_action_on_dance_finished
                0x0000000008005920       0x44 .build/obj_wendy_vial/quantum/process_keycode/process_tap_dance.o
                0x0000000008005920                process_tap_dance_action_on_dance_finished
 .text.preprocess_tap_dance
                0x0000000008005964       0x3c .build/obj_wendy_vial/quantum/process_keycode/process_tap_dance.o
                0x0000000008005964                preprocess_tap_dance
 .text.process_tap_dance
                0x00000000080059a0       0x94 .build/obj_wendy_vial/quantum/process_keycode/process_tap_dance.o
                0x00000000080059a0                process_tap_dance
 .text.tap_dance_task
                0x0000000008005a34       0x50 .build/obj_wendy_vial/quantum/process_keycode/process_tap_dance.o
                0x0000000008005a34                tap_dance_task
 .text.host_set_driver
                0x0000000008005a84        0xc .build/obj_wendy_vial/protocol/host.o
                0x0000000008005a84                host_set_driver
 .text.host_keyboard_leds
                0x0000000008005a90       0x14 .build/obj_wendy_vial/protocol/host.o
                0x0000000008005a90                host_keyboard_leds
 .text.host_keyboard_send
                0x0000000008005aa4       0x14 .build/obj_wendy_vial/protocol/host.o
                0x0000000008005aa4                host_keyboard_send
 .text.host_mouse_send
                0x0000000008005ab8       0x18 .build/obj_wendy_vial/protocol/host.o
                0x0000000008005ab8                host_mouse_send
 .text.host_system_send
                0x0000000008005ad0       0x24 .build/obj_wendy_vial/protocol/host.o
                0x0000000008005ad0                host_system_send
 .text.host_consumer_send
                0x0000000008005af4       0x24 .build/obj_wendy_vial/protocol/host.o
                0x0000000008005af4                host_consumer_send
 .text.has_anykey
                0x0000000008005b18       0x1c .build/obj_wendy_vial/protocol/report.o
                0x0000000008005b18                has_anykey
 .text.is_key_pressed
                0x0000000008005b34       0x1e .build/obj_wendy_vial/protocol/report.o
                0x0000000008005b34                is_key_pressed
 .text.add_key_byte
                0x0000000008005b52       0x2c .build/obj_wendy_vial/protocol/report.o
                0x0000000008005b52                add_key_byte
 .text.del_key_byte
                0x0000000008005b7e       0x18 .build/obj_wendy_vial/protocol/report.o
                0x0000000008005b7e                del_key_byte
 .text.add_key_to_report
                0x0000000008005b96        0x8 .build/obj_wendy_vial/protocol/report.o
                0x0000000008005b96                add_key_to_report
 .text.del_key_from_report
                0x0000000008005b9e        0x8 .build/obj_wendy_vial/protocol/report.o
                0x0000000008005b9e                del_key_from_report
 .text.clear_keys_from_report
                0x0000000008005ba6        0xe .build/obj_wendy_vial/protocol/report.o
                0x0000000008005ba6                clear_keys_from_report
 .text.has_mouse_report_changed
                0x0000000008005bb4       0x10 .build/obj_wendy_vial/protocol/report.o
                0x0000000008005bb4                has_mouse_report_changed
 .text.notify_usb_device_state_change_user
                0x0000000008005bc4        0x2 .build/obj_wendy_vial/protocol/usb_device_state.o
                0x0000000008005bc4                notify_usb_device_state_change_user
 .text.notify_usb_device_state_change_kb
                0x0000000008005bc6        0x8 .build/obj_wendy_vial/protocol/usb_device_state.o
                0x0000000008005bc6                notify_usb_device_state_change_kb
 *fill*         0x0000000008005bce        0x2 
 .text.usb_device_state_set_configuration
                0x0000000008005bd0       0x18 .build/obj_wendy_vial/protocol/usb_device_state.o
                0x0000000008005bd0                usb_device_state_set_configuration
 .text.usb_device_state_set_suspend
                0x0000000008005be8       0x14 .build/obj_wendy_vial/protocol/usb_device_state.o
                0x0000000008005be8                usb_device_state_set_suspend
 .text.usb_device_state_set_resume
                0x0000000008005bfc        0x8 .build/obj_wendy_vial/protocol/usb_device_state.o
                0x0000000008005bfc                usb_device_state_set_resume
 .text.usb_device_state_set_reset
                0x0000000008005c04       0x14 .build/obj_wendy_vial/protocol/usb_device_state.o
                0x0000000008005c04                usb_device_state_set_reset
 .text.usb_device_state_init
                0x0000000008005c18        0x8 .build/obj_wendy_vial/protocol/usb_device_state.o
                0x0000000008005c18                usb_device_state_init
 .text.suspend_wakeup_init_user
                0x0000000008005c20        0x2 .build/obj_wendy_vial/platforms/suspend.o
                0x0000000008005c20                suspend_wakeup_init_user
 .text.suspend_wakeup_init_kb
                0x0000000008005c22        0x8 .build/obj_wendy_vial/platforms/suspend.o
                0x0000000008005c22                suspend_wakeup_init_kb
 .text.platform_setup
                0x0000000008005c2a        0xc .build/obj_wendy_vial/platforms/chibios/platform.o
                0x0000000008005c2a                platform_setup
 .text.suspend_wakeup_init
                0x0000000008005c36       0x24 .build/obj_wendy_vial/platforms/chibios/suspend.o
                0x0000000008005c36                suspend_wakeup_init
 *fill*         0x0000000008005c5a        0x2 
 .text.timer_clear
                0x0000000008005c5c       0x28 .build/obj_wendy_vial/platforms/chibios/timer.o
                0x0000000008005c5c                timer_clear
 .text.timer_init
                0x0000000008005c84        0x8 .build/obj_wendy_vial/platforms/chibios/timer.o
                0x0000000008005c84                timer_init
 .text.timer_read32
                0x0000000008005c8c       0x70 .build/obj_wendy_vial/platforms/chibios/timer.o
                0x0000000008005c8c                timer_read32
 .text.timer_read
                0x0000000008005cfc        0xa .build/obj_wendy_vial/platforms/chibios/timer.o
                0x0000000008005cfc                timer_read
 .text.timer_elapsed
                0x0000000008005d06        0xe .build/obj_wendy_vial/platforms/chibios/timer.o
                0x0000000008005d06                timer_elapsed
 .text.timer_elapsed32
                0x0000000008005d14        0xc .build/obj_wendy_vial/platforms/chibios/timer.o
                0x0000000008005d14                timer_elapsed32
 .text.bootloader_jump
                0x0000000008005d20       0x28 .build/obj_wendy_vial/platforms/chibios/bootloaders/stm32_dfu.o
                0x0000000008005d20                bootloader_jump
 .text.mcu_reset
                0x0000000008005d48       0x1c .build/obj_wendy_vial/platforms/chibios/bootloaders/stm32_dfu.o
                0x0000000008005d48                mcu_reset
 .text.enter_bootloader_mode_if_requested
                0x0000000008005d64       0x3c .build/obj_wendy_vial/platforms/chibios/bootloaders/stm32_dfu.o
                0x0000000008005d64                enter_bootloader_mode_if_requested
 .text.kbd_in_cb
                0x0000000008005da0        0x2 .build/obj_wendy_vial/protocol/chibios/usb_main.o
                0x0000000008005da0                kbd_in_cb
 *fill*         0x0000000008005da2        0x2 
 .text.usb_sof_cb
                0x0000000008005da4       0x14 .build/obj_wendy_vial/protocol/chibios/usb_main.o
 .text.usb_get_descriptor_cb
                0x0000000008005db8       0x28 .build/obj_wendy_vial/protocol/chibios/usb_main.o
 .text.set_led_transfer_cb
                0x0000000008005de0       0x2c .build/obj_wendy_vial/protocol/chibios/usb_main.o
 .text.send_extra
                0x0000000008005e0c       0x4c .build/obj_wendy_vial/protocol/chibios/usb_main.o
 .text.chVTSetI.constprop.0
                0x0000000008005e58       0x2c .build/obj_wendy_vial/protocol/chibios/usb_main.o
 .text.keyboard_idle_timer_cb
                0x0000000008005e84       0x70 .build/obj_wendy_vial/protocol/chibios/usb_main.o
 .text.usb_request_hook_cb
                0x0000000008005ef4      0x16c .build/obj_wendy_vial/protocol/chibios/usb_main.o
 .text.usb_event_queue_enqueue.isra.0
                0x0000000008006060       0x28 .build/obj_wendy_vial/protocol/chibios/usb_main.o
 .text.usb_event_cb
                0x0000000008006088       0xb4 .build/obj_wendy_vial/protocol/chibios/usb_main.o
 .text.shared_in_cb
                0x000000000800613c        0x2 .build/obj_wendy_vial/protocol/chibios/usb_main.o
                0x000000000800613c                shared_in_cb
 *fill*         0x000000000800613e        0x2 
 .text.usb_event_queue_init
                0x0000000008006140       0x24 .build/obj_wendy_vial/protocol/chibios/usb_main.o
                0x0000000008006140                usb_event_queue_init
 .text.usb_event_queue_task
                0x0000000008006164       0xac .build/obj_wendy_vial/protocol/chibios/usb_main.o
                0x0000000008006164                usb_event_queue_task
 .text.init_usb_driver
                0x0000000008006210       0x80 .build/obj_wendy_vial/protocol/chibios/usb_main.o
                0x0000000008006210                init_usb_driver
 .text.keyboard_leds
                0x0000000008006290        0xc .build/obj_wendy_vial/protocol/chibios/usb_main.o
                0x0000000008006290                keyboard_leds
 .text.send_keyboard
                0x000000000800629c       0x4c .build/obj_wendy_vial/protocol/chibios/usb_main.o
                0x000000000800629c                send_keyboard
 .text.send_mouse
                0x00000000080062e8       0x3c .build/obj_wendy_vial/protocol/chibios/usb_main.o
                0x00000000080062e8                send_mouse
 .text.send_system
                0x0000000008006324        0xc .build/obj_wendy_vial/protocol/chibios/usb_main.o
                0x0000000008006324                send_system
 .text.send_consumer
                0x0000000008006330        0xc .build/obj_wendy_vial/protocol/chibios/usb_main.o
                0x0000000008006330                send_consumer
 .text.send_programmable_button
                0x000000000800633c        0x2 .build/obj_wendy_vial/protocol/chibios/usb_main.o
                0x000000000800633c                send_programmable_button
 *fill*         0x000000000800633e        0x2 
 .text.raw_hid_send
                0x0000000008006340       0x1c .build/obj_wendy_vial/protocol/chibios/usb_main.o
                0x0000000008006340                raw_hid_send
 .text.raw_hid_task
                0x000000000800635c       0x28 .build/obj_wendy_vial/protocol/chibios/usb_main.o
                0x000000000800635c                raw_hid_task
 .text.early_hardware_init_pre
                0x0000000008006384        0x8 .build/obj_wendy_vial/protocol/chibios/chibios.o
                0x0000000008006384                early_hardware_init_pre
 .text.early_hardware_init_post
                0x000000000800638c        0x2 .build/obj_wendy_vial/protocol/chibios/chibios.o
                0x000000000800638c                early_hardware_init_post
 .text.board_init
                0x000000000800638e        0x2 .build/obj_wendy_vial/protocol/chibios/chibios.o
                0x000000000800638e                board_init
 .text.__early_init
                0x0000000008006390       0x10 .build/obj_wendy_vial/protocol/chibios/chibios.o
                0x0000000008006390                __early_init
 .text.boardInit
                0x00000000080063a0        0xc .build/obj_wendy_vial/protocol/chibios/chibios.o
                0x00000000080063a0                boardInit
 .text.protocol_setup
                0x00000000080063ac        0x8 .build/obj_wendy_vial/protocol/chibios/chibios.o
                0x00000000080063ac                protocol_setup
 .text.protocol_pre_init
                0x00000000080063b4       0x2c .build/obj_wendy_vial/protocol/chibios/chibios.o
                0x00000000080063b4                protocol_pre_init
 .text.protocol_post_init
                0x00000000080063e0       0x10 .build/obj_wendy_vial/protocol/chibios/chibios.o
                0x00000000080063e0                protocol_post_init
 .text.protocol_pre_task
                0x00000000080063f0        0x8 .build/obj_wendy_vial/protocol/chibios/chibios.o
                0x00000000080063f0                protocol_pre_task
 .text.protocol_post_task
                0x00000000080063f8        0x8 .build/obj_wendy_vial/protocol/chibios/chibios.o
                0x00000000080063f8                protocol_post_task
 .text.get_usb_descriptor
                0x0000000008006400       0x84 .build/obj_wendy_vial/usb_descriptor.o
                0x0000000008006400                get_usb_descriptor
 .text.obnotify
                0x0000000008006484       0x3c .build/obj_wendy_vial/protocol/chibios/usb_driver.o
 .text._readt   0x00000000080064c0        0xa .build/obj_wendy_vial/protocol/chibios/usb_driver.o
 .text._read    0x00000000080064ca        0xe .build/obj_wendy_vial/protocol/chibios/usb_driver.o
 .text._writet  0x00000000080064d8        0xa .build/obj_wendy_vial/protocol/chibios/usb_driver.o
 .text._write   0x00000000080064e2        0xe .build/obj_wendy_vial/protocol/chibios/usb_driver.o
 .text._gett    0x00000000080064f0        0xa .build/obj_wendy_vial/protocol/chibios/usb_driver.o
 .text._get     0x00000000080064fa        0xe .build/obj_wendy_vial/protocol/chibios/usb_driver.o
 .text._putt    0x0000000008006508        0xa .build/obj_wendy_vial/protocol/chibios/usb_driver.o
 .text._put     0x0000000008006512        0xe .build/obj_wendy_vial/protocol/chibios/usb_driver.o
 .text.qmkusb_start_receive.isra.0
                0x0000000008006520       0x3a .build/obj_wendy_vial/protocol/chibios/usb_driver.o
 .text.ibnotify
                0x000000000800655a        0xa .build/obj_wendy_vial/protocol/chibios/usb_driver.o
 .text.qmkusbObjectInit
                0x0000000008006564       0x50 .build/obj_wendy_vial/protocol/chibios/usb_driver.o
                0x0000000008006564                qmkusbObjectInit
 .text.qmkusbStart
                0x00000000080065b4       0x2e .build/obj_wendy_vial/protocol/chibios/usb_driver.o
                0x00000000080065b4                qmkusbStart
 .text.qmkusbSuspendHookI
                0x00000000080065e2       0x30 .build/obj_wendy_vial/protocol/chibios/usb_driver.o
                0x00000000080065e2                qmkusbSuspendHookI
 .text.qmkusbWakeupHookI
                0x0000000008006612       0x16 .build/obj_wendy_vial/protocol/chibios/usb_driver.o
                0x0000000008006612                qmkusbWakeupHookI
 .text.qmkusbConfigureHookI
                0x0000000008006628       0x2c .build/obj_wendy_vial/protocol/chibios/usb_driver.o
                0x0000000008006628                qmkusbConfigureHookI
 .text.qmkusbRequestsHook
                0x0000000008006654       0x40 .build/obj_wendy_vial/protocol/chibios/usb_driver.o
                0x0000000008006654                qmkusbRequestsHook
 .text.qmkusbSOFHookI
                0x0000000008006694       0x68 .build/obj_wendy_vial/protocol/chibios/usb_driver.o